2026-06-16 09:32:19, MOVE, v:1, k:ed@editorint, mode:PICK
2026-06-16 09:32:22, EXEC, v:1, k:ed@editorint, mode:LOCK, rate:100
2026-06-16 09:32:23, MOVE, v:1, k:ed@editorint, mode:BACK
2026-06-16 09:32:39, MOVE, v:1, k:ed@editorint, mode:PICK
2026-06-16 09:32:42, EXEC, v:1, k:ed@editorint, mode:LOCK, rate:0
2026-06-16 09:32:46, MOVE, v:1, k:ed@editorint, mode:BACK
2026-06-16 09:33:40, SELF, v:1, k:ed@editorint, self:1, guided:1, concept:1
2026-06-16 09:33:48, SELF, v:1, k:ed@editorint, self:1, study:35, concept:1
2026-06-16 09:33:50, MOVE, v:1, k:ed@editorint, mode:PICK
2026-06-16 09:33:52, MOVE, v:1, k:ed@editorint, mode:BACK
2026-06-16 09:34:21, MOVE, v:1, k:ed@editorint, mode:PICK
2026-06-16 09:34:27, MOVE, v:1, k:ed@editorint, mode:BACK
2026-06-16 09:34:42, SELF, v:1, k:ed@fractais_png, self:1, rate:100, concept:1
2026-06-16 09:34:57, MOVE, v:1, k:ed@editorint, mode:PICK
2026-06-16 09:35:07, MOVE, v:1, k:ed@editorint, mode:BACK
2026-06-16 09:36:29, MOVE, v:1, k:ed@editorint, mode:PICK
2026-06-16 09:36:31, EXEC, v:1, k:ed@editorint, mode:LOCK, rate:0
2026-06-16 09:36:46, SELF, v:1, k:ed@editorint, self:1, concept:1
2026-06-16 09:37:15, MOVE, v:1, k:ed@editorint, mode:BACK
2026-06-16 09:48:20, SELF, v:1, k:ed@editorint, self:1, rate:80, concept:1
2026-06-16 09:49:01, SELF, v:1, k:ed@editorint, self:1, rate:80, concept:1
2026-06-16 10:14:27, SELF, v:1, k:ed@editorint, self:1, rate:100, study:150, concept:1
2026-06-16 10:14:27, MOVE, v:1, k:ed@editorint, mode:PICK
2026-06-16 10:14:29, MOVE, v:1, k:ed@editorint, mode:BACK
2026-06-16 10:15:30, SELF, v:1, k:ed@bufferring, self:1, rate:100, concept:1
2026-06-16 10:15:34, SELF, v:1, k:ed@bufferring, self:1, rate:100, guided:1, concept:1
2026-06-16 10:17:47, MOVE, v:1, k:ed@editor, mode:PICK
2026-06-16 10:17:49, MOVE, v:1, k:ed@editor, mode:BACK
2026-06-16 10:18:10, MOVE, v:1, k:ed@queimando, mode:DOWN
2026-06-16 10:18:22, MOVE, v:1, k:ed@queimando, mode:PICK
2026-06-16 10:18:24, MOVE, v:1, k:ed@queimando, mode:BACK
2026-06-16 10:18:43, MOVE, v:1, k:ed@queimando, mode:PICK
2026-06-16 10:18:44, MOVE, v:1, k:ed@queimando, mode:BACK
2026-06-16 10:18:10, MOVE, v:1, k:ed@queimando, mode:EDIT
2026-06-16 10:18:10, MOVE, v:1, k:ed@queimando, mode:EDIT
2026-06-16 10:18:10, MOVE, v:1, k:ed@queimando, mode:EDIT
2026-06-16 10:18:10, MOVE, v:1, k:ed@queimando, mode:EDIT
2026-06-16 10:18:10, MOVE, v:1, k:ed@queimando, mode:EDIT
2026-06-16 10:18:58, SELF, v:1, k:ed@chaves, self:1, rate:100, study:55, concept:1
2026-06-16 10:19:08, SELF, v:1, k:ed@chaves, self:1, rate:100, study:55, concept:1, code:1
2026-06-16 10:19:08, MOVE, v:1, k:ed@chaves, mode:PICK
2026-06-16 10:19:09, MOVE, v:1, k:ed@chaves, mode:BACK
2026-06-16 10:19:12, MOVE, v:1, k:ed@queimando, mode:PICK
2026-06-16 10:19:26, MOVE, v:1, k:ed@queimando, mode:BACK
2026-06-16 10:19:38, MOVE, v:1, k:ed@fractais_png, mode:PICK
2026-06-16 10:19:41, EXEC, v:1, k:ed@fractais_png, mode:LOCK, rate:100
2026-06-16 10:19:42, MOVE, v:1, k:ed@fractais_png, mode:BACK
2026-06-16 10:19:48, SELF, v:1, k:ed@fractais_png, self:1, rate:100, concept:1
2026-06-16 10:20:17, SELF, v:1, k:ed@vetbuild, self:1, rate:90, concept:1
2026-06-16 10:20:22, SELF, v:1, k:ed@vetbuild, self:1, rate:90, guided:1, concept:1
2026-06-16 10:20:22, MOVE, v:1, k:ed@vetbuild, mode:PICK
2026-06-16 10:20:23, MOVE, v:1, k:ed@vetbuild, mode:BACK
