2026-06-23 10:27:16, MOVE, v:1, k:ed@detonate, mode:DOWN
2026-06-23 10:27:25, MOVE, v:1, k:ed@detonate, mode:PICK
2026-06-23 10:29:55, MOVE, v:1, k:ed@detonate, mode:BACK
2026-06-23 10:30:15, MOVE, v:1, k:ed@baruel, mode:PICK
2026-06-23 10:30:17, EXEC, v:1, k:ed@baruel, mode:FULL, rate:100
2026-06-23 10:30:57, MOVE, v:1, k:ed@baruel, mode:BACK
2026-06-23 10:31:08, SELF, v:1, k:ed@baruel, self:1, rate:100
2026-06-23 10:31:17, MOVE, v:1, k:ed@pedra, mode:PICK
2026-06-23 10:31:54, MOVE, v:1, k:ed@pedra, mode:BACK
2026-06-23 10:32:06, SELF, v:1, k:ed@pedra, self:1, rate:100, concept:1
2026-06-23 10:27:16, MOVE, v:1, k:ed@detonate, mode:EDIT
2026-06-23 10:28:24, MOVE, v:1, k:ed@detonate, mode:EDIT
2026-06-23 10:32:43, SELF, v:1, k:ed@vetbuild, self:1, rate:90, concept:1
2026-06-23 10:32:49, SELF, v:1, k:ed@vetbuild, self:1, rate:90, guided:1, concept:1
2026-06-23 10:34:51, MOVE, v:1, k:ed@queimando, mode:PICK
2026-06-23 10:34:53, EXEC, v:1, k:ed@queimando, mode:FULL, size:77, fail:COMP
2026-06-23 10:35:56, MOVE, v:1, k:ed@queimando, mode:BACK
2026-06-23 10:36:19, MOVE, v:1, k:ed@queimando, mode:PICK
2026-06-23 10:41:21, MOVE, v:1, k:ed@queimando, mode:BACK
2026-06-23 10:41:25, MOVE, v:1, k:ed@pilha, mode:PICK
2026-06-23 10:41:46, MOVE, v:1, k:ed@pilha, mode:BACK
2026-06-23 10:41:19, MOVE, v:1, k:ed@queimando, mode:EDIT
2026-06-23 10:42:19, MOVE, v:1, k:ed@queimando, mode:PICK
2026-06-23 10:46:49, EXEC, v:1, k:ed@queimando, mode:FULL, size:96, fail:COMP
2026-06-23 10:46:50, EXEC, v:1, k:ed@queimando, mode:FULL, fail:COMP
2026-06-23 10:47:07, MOVE, v:1, k:ed@queimando, mode:EDIT
2026-06-23 10:47:38, EXEC, v:1, k:ed@queimando, mode:FULL, size:98, fail:COMP
2026-06-23 10:48:04, EXEC, v:1, k:ed@queimando, mode:FULL, fail:COMP
2026-06-23 10:51:23, EXEC, v:1, k:ed@queimando, mode:FULL, size:98, fail:COMP
2026-06-23 10:51:20, MOVE, v:1, k:ed@queimando, mode:EDIT
2026-06-23 10:52:28, EXEC, v:1, k:ed@queimando, mode:FULL, rate:0, size:98
2026-06-23 10:52:40, EXEC, v:1, k:ed@queimando, mode:FULL, rate:20, size:98
2026-06-23 10:53:29, EXEC, v:1, k:ed@queimando, mode:FULL, rate:100, size:98
2026-06-23 10:53:32, MOVE, v:1, k:ed@queimando, mode:BACK
2026-06-23 10:53:45, SELF, v:1, k:ed@queimando, self:1, rate:100
2026-06-23 11:00:09, MOVE, v:1, k:ed@escada, mode:PICK
2026-06-23 11:01:00, MOVE, v:1, k:ed@escada, mode:BACK
2026-06-23 11:01:04, MOVE, v:1, k:ed@binomiais, mode:DOWN
2026-06-23 11:01:50, SELF, v:1, k:ed@vetbuild, self:1, rate:90, concept:1
2026-06-23 11:01:56, SELF, v:1, k:ed@vetbuild, self:1, rate:90, guided:1, concept:1
2026-06-23 11:02:24, MOVE, v:1, k:ed@pilhado, mode:DOWN
2026-06-23 11:02:31, MOVE, v:1, k:ed@pilhado, mode:PICK
2026-06-23 11:01:04, MOVE, v:1, k:ed@binomiais, mode:EDIT
2026-06-23 11:01:04, MOVE, v:1, k:ed@binomiais, mode:EDIT
2026-06-23 11:02:24, MOVE, v:1, k:ed@pilhado, mode:EDIT
2026-06-23 11:02:24, MOVE, v:1, k:ed@pilhado, mode:EDIT
2026-06-23 11:02:24, MOVE, v:1, k:ed@pilhado, mode:EDIT
2026-06-23 11:06:59, MOVE, v:1, k:ed@pilhado, mode:BACK
2026-06-23 11:07:03, MOVE, v:1, k:ed@balanceada, mode:DOWN
2026-06-23 11:08:32, MOVE, v:1, k:ed@balanceada, mode:PICK
2026-06-23 11:07:03, MOVE, v:1, k:ed@balanceada, mode:EDIT
2026-06-23 11:09:15, MOVE, v:1, k:ed@balanceada, mode:EDIT
2026-06-23 11:14:22, MOVE, v:1, k:ed@balanceada, mode:EDIT
2026-06-23 11:18:14, EXEC, v:1, k:ed@balanceada, mode:FULL, size:33, fail:COMP
2026-06-23 11:19:14, MOVE, v:1, k:ed@balanceada, mode:EDIT
2026-06-23 11:21:24, EXEC, v:1, k:ed@balanceada, mode:FULL, size:38, fail:COMP
2026-06-23 11:21:39, EXEC, v:1, k:ed@balanceada, mode:FULL, size:39, fail:COMP
2026-06-23 11:23:04, EXEC, v:1, k:ed@balanceada, mode:FULL, size:39, fail:COMP
2026-06-23 11:23:20, EXEC, v:1, k:ed@balanceada, mode:FULL, fail:COMP
2026-06-23 11:24:08, EXEC, v:1, k:ed@balanceada, mode:FULL, size:39, fail:COMP
2026-06-23 11:24:07, MOVE, v:1, k:ed@balanceada, mode:EDIT
2026-06-23 11:24:34, EXEC, v:1, k:ed@balanceada, mode:FULL, rate:0, size:38
2026-06-23 11:26:34, EXEC, v:1, k:ed@balanceada, mode:FULL, rate:0, size:38
2026-06-23 11:26:51, EXEC, v:1, k:ed@balanceada, mode:FULL, rate:40, size:38
2026-06-23 11:27:20, EXEC, v:1, k:ed@balanceada, mode:FULL, rate:100, size:38
2026-06-23 11:27:22, MOVE, v:1, k:ed@balanceada, mode:BACK
2026-06-23 11:28:16, SELF, v:1, k:ed@balanceada, self:1, rate:100, study:30
2026-06-23 11:28:16, MOVE, v:1, k:ed@balanceada, mode:PICK
2026-06-23 11:28:18, EXEC, v:1, k:ed@balanceada, mode:FULL, rate:100
2026-06-23 11:28:18, MOVE, v:1, k:ed@balanceada, mode:BACK
2026-06-23 13:44:27, MOVE, v:1, k:ed@mumia, mode:PICK
2026-06-23 13:44:28, MOVE, v:1, k:ed@mumia, mode:BACK
2026-06-23 13:44:37, SELF, v:1, k:ed@mumia, self:1, rate:100, concept:1
2026-06-23 13:45:45, MOVE, v:1, k:ed@pilhado, mode:PICK
2026-06-23 13:45:47, EXEC, v:1, k:ed@pilhado, mode:FULL, size:41, fail:COMP
2026-06-23 13:45:48, MOVE, v:1, k:ed@pilhado, mode:BACK
2026-06-23 13:45:52, MOVE, v:1, k:ed@caminhao, mode:DOWN
2026-06-23 13:46:22, MOVE, v:1, k:ed@caminhao, mode:PICK
2026-06-23 13:45:52, MOVE, v:1, k:ed@caminhao, mode:EDIT
2026-06-23 13:46:58, MOVE, v:1, k:ed@caminhao, mode:BACK
2026-06-23 13:47:03, MOVE, v:1, k:ed@caminhao, mode:PICK
2026-06-23 13:50:07, MOVE, v:1, k:ed@caminhao, mode:BACK
2026-06-23 13:50:09, MOVE, v:1, k:ed@caminhao, mode:PICK
2026-06-23 13:51:27, MOVE, v:1, k:ed@caminhao, mode:BACK
2026-06-23 13:49:57, MOVE, v:1, k:ed@caminhao, mode:EDIT
2026-06-23 13:52:48, MOVE, v:1, k:ed@caminhao, mode:PICK
2026-06-23 13:55:51, EXEC, v:1, k:ed@caminhao, mode:FULL, size:22, fail:COMP
2026-06-23 13:56:50, MOVE, v:1, k:ed@caminhao, mode:EDIT
2026-06-23 13:58:27, EXEC, v:1, k:ed@caminhao, mode:FULL, rate:100, size:31
2026-06-23 13:58:39, MOVE, v:1, k:ed@caminhao, mode:BACK
2026-06-23 13:58:56, SELF, v:1, k:ed@caminhao, self:1, rate:100, study:15
2026-06-23 13:59:21, SELF, v:1, k:ed@setbuild, self:1, rate:100
2026-06-23 13:59:26, SELF, v:1, k:ed@setbuild, self:1, rate:100, code:1
2026-06-23 14:03:33, MOVE, v:1, k:ed@diagonal, mode:DOWN
2026-06-23 14:03:33, MOVE, v:1, k:ed@diagonal, mode:EDIT
2026-06-23 14:04:13, MOVE, v:1, k:ed@diagonal, mode:PICK
2026-06-23 14:05:50, MOVE, v:1, k:ed@diagonal, mode:BACK
2026-06-23 15:49:56, MOVE, v:1, k:ed@diagonal, mode:PICK
2026-06-23 15:52:16, EXEC, v:1, k:ed@diagonal, mode:FULL, rate:0, size:18
2026-06-23 15:53:14, EXEC, v:1, k:ed@diagonal, mode:FULL, rate:0, size:18
2026-06-23 15:53:13, MOVE, v:1, k:ed@diagonal, mode:EDIT
2026-06-23 15:54:58, EXEC, v:1, k:ed@diagonal, mode:FULL, rate:100, size:22
2026-06-23 15:55:06, SELF, v:1, k:ed@diagonal, self:1, rate:100, study:10
2026-06-23 15:55:07, MOVE, v:1, k:ed@diagonal, mode:BACK
2026-06-23 15:55:47, MOVE, v:1, k:ed@sufixos, mode:DOWN
2026-06-23 15:56:21, MOVE, v:1, k:ed@sufixos, mode:PICK
2026-06-23 15:58:54, EXEC, v:1, k:ed@sufixos, mode:FULL, rate:0, size:16
2026-06-23 15:59:44, EXEC, v:1, k:ed@sufixos, mode:FULL, rate:100, size:17
2026-06-23 15:59:49, SELF, v:1, k:ed@sufixos, self:1, rate:100, study:5
2026-06-23 15:59:50, MOVE, v:1, k:ed@sufixos, mode:BACK
2026-06-23 16:00:08, MOVE, v:1, k:ed@sufixos, mode:PICK
2026-06-23 16:00:55, MOVE, v:1, k:ed@sufixos, mode:BACK
2026-06-23 16:00:57, MOVE, v:1, k:ed@padroes1, mode:DOWN
2026-06-23 16:01:17, MOVE, v:1, k:ed@padroes1, mode:PICK
2026-06-23 16:01:35, EXEC, v:1, k:ed@padroes1, mode:FULL, rate:0, size:5
2026-06-23 16:01:36, MOVE, v:1, k:ed@padroes1, mode:BACK
2026-06-23 16:01:40, MOVE, v:1, k:ed@padroes1, mode:PICK
2026-06-23 16:04:44, EXEC, v:1, k:ed@padroes1, mode:FULL, rate:100, size:15
2026-06-23 16:04:49, SELF, v:1, k:ed@padroes1, self:1, rate:100, study:5
2026-06-23 16:04:50, EXEC, v:1, k:ed@padroes1, mode:FULL, rate:100
2026-06-23 16:04:51, MOVE, v:1, k:ed@padroes1, mode:BACK
2026-06-23 16:05:05, MOVE, v:1, k:ed@padroes1, mode:PICK
2026-06-23 16:06:39, EXEC, v:1, k:ed@padroes1, mode:FULL, rate:100
2026-06-23 16:06:43, MOVE, v:1, k:ed@padroes1, mode:BACK
2026-06-23 16:07:00, MOVE, v:1, k:ed@quadrado, mode:DOWN
2026-06-23 16:07:01, MOVE, v:1, k:ed@quadrado, mode:PICK
2026-06-23 16:07:04, MOVE, v:1, k:ed@quadrado, mode:BACK
2026-06-23 16:07:31, MOVE, v:1, k:ed@n_rainhas, mode:PICK
2026-06-23 16:07:55, MOVE, v:1, k:ed@n_rainhas, mode:BACK
2026-06-23 16:07:58, MOVE, v:1, k:ed@sudoku, mode:PICK
2026-06-23 16:08:10, MOVE, v:1, k:ed@sudoku, mode:BACK
2026-06-23 16:08:32, SELF, v:1, k:ed@apagando, self:1, rate:100, friend:nao
2026-06-23 16:08:37, SELF, v:1, k:ed@especiais, self:1, rate:100
2026-06-23 16:08:49, SELF, v:1, k:ed@especiais, self:1, rate:100, code:1
2026-06-23 16:08:59, SELF, v:1, k:ed@apagando, self:1, rate:100, friend:nao, code:1
2026-06-23 16:09:10, SELF, v:1, k:ed@especiais, self:1, rate:100, problem:1, code:1
2026-06-23 16:09:24, MOVE, v:1, k:ed@magicsearch, mode:PICK
2026-06-23 16:09:25, EXEC, v:1, k:ed@magicsearch, mode:FULL, rate:30, size:30
2026-06-23 16:07:00, MOVE, v:1, k:ed@quadrado, mode:EDIT
2026-06-23 16:07:00, MOVE, v:1, k:ed@quadrado, mode:EDIT
2026-06-23 16:11:47, MOVE, v:1, k:ed@magicsearch, mode:EDIT
2026-06-23 16:14:09, EXEC, v:1, k:ed@magicsearch, mode:FULL, rate:0, size:44
2026-06-23 16:14:12, EXEC, v:1, k:ed@magicsearch, mode:FULL, rate:0
2026-06-23 16:15:15, EXEC, v:1, k:ed@magicsearch, mode:FULL, rate:0, size:43
2026-06-23 16:15:16, EXEC, v:1, k:ed@magicsearch, mode:FULL, rate:0
2026-06-23 16:15:45, EXEC, v:1, k:ed@magicsearch, mode:FULL, rate:0, size:43
2026-06-23 16:15:54, MOVE, v:1, k:ed@magicsearch, mode:PICK
2026-06-23 16:15:59, EXEC, v:1, k:ed@magicsearch, mode:FULL, rate:0
2026-06-23 16:16:22, EXEC, v:1, k:ed@magicsearch, mode:FULL, rate:20, size:43
2026-06-23 16:16:43, EXEC, v:1, k:ed@magicsearch, mode:FULL, rate:20
2026-06-23 16:16:57, EXEC, v:1, k:ed@magicsearch, mode:FULL, rate:80, size:43
2026-06-23 16:17:31, MOVE, v:1, k:ed@magicsearch, mode:BACK
2026-06-23 16:17:40, SELF, v:1, k:ed@magicsearch, self:1, rate:80
2026-06-23 16:17:43, MOVE, v:1, k:ed@magicsearch, mode:PICK
2026-06-23 16:17:44, EXEC, v:1, k:ed@magicsearch, mode:FULL, rate:80
2026-06-23 16:20:45, MOVE, v:1, k:ed@magicsearch, mode:EDIT
2026-06-23 16:21:55, EXEC, v:1, k:ed@magicsearch, mode:FULL, size:46, fail:COMP
2026-06-23 16:21:56, EXEC, v:1, k:ed@magicsearch, mode:FULL, fail:COMP
2026-06-23 16:22:14, EXEC, v:1, k:ed@magicsearch, mode:FULL, rate:10, size:46
2026-06-23 16:22:32, EXEC, v:1, k:ed@magicsearch, mode:FULL, rate:10, size:46
2026-06-23 16:22:47, EXEC, v:1, k:ed@magicsearch, mode:FULL, rate:50, size:46
2026-06-23 16:22:58, EXEC, v:1, k:ed@magicsearch, mode:FULL, rate:10, size:46
2026-06-23 16:23:35, EXEC, v:1, k:ed@magicsearch, mode:FULL, rate:100, size:46
2026-06-23 16:23:42, MOVE, v:1, k:ed@magicsearch, mode:BACK
2026-06-23 16:23:57, MOVE, v:1, k:ed@magicsearch, mode:PICK
2026-06-23 16:24:59, EXEC, v:1, k:ed@magicsearch, mode:FULL, rate:100
2026-06-23 16:25:38, MOVE, v:1, k:ed@magicsearch, mode:BACK
