2026-06-08 09:04:52, MOVE, v:1, k:ed@bst_insert, mode:PICK
2026-06-08 09:21:25, EXEC, v:1, k:ed@bst_insert, mode:FULL, size:77, fail:COMP
2026-06-08 09:21:26, EXEC, v:1, k:ed@bst_insert, mode:FULL, fail:COMP
2026-06-08 09:21:36, EXEC, v:1, k:ed@bst_insert, mode:FULL, size:78, fail:COMP
2026-06-08 09:21:42, EXEC, v:1, k:ed@bst_insert, mode:FULL, rate:16, size:78
2026-06-08 09:22:27, EXEC, v:1, k:ed@bst_insert, mode:FULL, rate:16
2026-06-08 09:23:10, EXEC, v:1, k:ed@bst_insert, mode:FULL, rate:100, size:78
2026-06-08 09:23:17, MOVE, v:1, k:ed@bst_insert, mode:BACK
2026-06-08 09:23:28, MOVE, v:1, k:ed@bst_insert, mode:PICK
2026-06-08 09:23:38, SELF, v:1, k:ed@bst_insert, self:1, rate:100, study:35, concept:1
2026-06-08 09:23:39, EXEC, v:1, k:ed@bst_insert, mode:FULL, rate:100
2026-06-08 09:23:40, MOVE, v:1, k:ed@bst_insert, mode:BACK
2026-06-08 09:23:58, MOVE, v:1, k:ed@bst_serial, mode:DOWN
2026-06-08 09:24:11, MOVE, v:1, k:ed@bst_serial, mode:PICK
2026-06-08 09:25:03, MOVE, v:1, k:ed@bst_serial, mode:EDIT
2026-06-08 09:23:58, MOVE, v:1, k:ed@bst_serial, mode:EDIT
2026-06-08 09:23:58, MOVE, v:1, k:ed@bst_serial, mode:EDIT
2026-06-08 09:28:40, EXEC, v:1, k:ed@bst_serial, mode:FULL, size:90, fail:COMP
2026-06-08 09:29:14, EXEC, v:1, k:ed@bst_serial, mode:FULL, size:91, fail:COMP
2026-06-08 09:29:22, EXEC, v:1, k:ed@bst_serial, mode:FULL, size:91, fail:COMP
2026-06-08 09:30:03, EXEC, v:1, k:ed@bst_serial, mode:FULL, size:91, fail:COMP
2026-06-08 09:30:58, EXEC, v:1, k:ed@bst_serial, mode:FULL, size:91, fail:COMP
2026-06-08 09:31:27, EXEC, v:1, k:ed@bst_serial, mode:FULL, size:91, fail:COMP
2026-06-08 09:32:03, EXEC, v:1, k:ed@bst_serial, mode:FULL, size:91, fail:COMP
2026-06-08 09:32:08, EXEC, v:1, k:ed@bst_serial, mode:FULL, size:91, fail:COMP
2026-06-08 09:32:29, EXEC, v:1, k:ed@bst_serial, mode:FULL, size:91, fail:COMP
2026-06-08 09:32:35, EXEC, v:1, k:ed@bst_serial, mode:FULL, rate:0, size:91
2026-06-08 09:32:34, MOVE, v:1, k:ed@bst_serial, mode:EDIT
2026-06-08 09:38:08, EXEC, v:1, k:ed@bst_serial, mode:FULL, rate:100, size:91
2026-06-08 09:38:11, MOVE, v:1, k:ed@bst_serial, mode:BACK
2026-06-08 09:38:22, MOVE, v:1, k:ed@bst_serial, mode:PICK
2026-06-08 09:38:28, MOVE, v:1, k:ed@bst_serial, mode:BACK
2026-06-08 09:38:35, MOVE, v:1, k:ed@bst_serial, mode:PICK
2026-06-08 09:38:37, EXEC, v:1, k:ed@bst_serial, mode:FULL, rate:100
2026-06-08 09:38:39, MOVE, v:1, k:ed@bst_serial, mode:BACK
2026-06-08 09:38:40, MOVE, v:1, k:ed@bst_serial, mode:PICK
2026-06-08 09:44:24, EXEC, v:1, k:ed@bst_serial, mode:FULL, rate:100
2026-06-08 09:44:27, MOVE, v:1, k:ed@bst_serial, mode:BACK
2026-06-08 09:44:51, SELF, v:1, k:ed@bst_serial, self:1, rate:100, study:15
2026-06-08 09:45:05, MOVE, v:1, k:ed@bst_remove, mode:PICK
2026-06-08 09:45:08, EXEC, v:1, k:ed@bst_remove, mode:FULL, rate:0, size:79
2026-06-08 09:45:16, EXEC, v:1, k:ed@bst_remove, mode:FULL, rate:0
2026-06-08 09:45:46, MOVE, v:1, k:ed@bst_remove, mode:BACK
2026-06-08 09:45:48, MOVE, v:1, k:ed@bst_remove, mode:PICK
2026-06-08 09:58:13, MOVE, v:1, k:ed@bst_remove, mode:EDIT
2026-06-08 10:00:23, EXEC, v:1, k:ed@bst_remove, mode:FULL, size:106, fail:COMP
2026-06-08 10:01:41, EXEC, v:1, k:ed@bst_remove, mode:FULL, rate:37, size:99
2026-06-08 10:01:57, EXEC, v:1, k:ed@bst_remove, mode:FULL, rate:37
2026-06-08 10:01:40, MOVE, v:1, k:ed@bst_remove, mode:EDIT
2026-06-08 10:12:31, EXEC, v:1, k:ed@bst_remove, mode:FULL, rate:50, size:107
2026-06-08 10:12:54, EXEC, v:1, k:ed@bst_remove, mode:FULL, rate:50, size:108
2026-06-08 10:13:05, EXEC, v:1, k:ed@bst_remove, mode:FULL, rate:12, size:108
2026-06-08 10:13:21, EXEC, v:1, k:ed@bst_remove, mode:FULL, rate:50, size:108
2026-06-08 10:13:39, EXEC, v:1, k:ed@bst_remove, mode:FULL, rate:50
2026-06-08 10:13:47, EXEC, v:1, k:ed@bst_remove, mode:FULL, rate:12, size:108
2026-06-08 10:14:04, EXEC, v:1, k:ed@bst_remove, mode:FULL, rate:50, size:108
2026-06-08 10:14:02, MOVE, v:1, k:ed@bst_remove, mode:EDIT
2026-06-08 10:16:01, MOVE, v:1, k:ed@bst_remove, mode:BACK
2026-06-08 10:16:14, MOVE, v:1, k:ed@bst_remove, mode:PICK
2026-06-08 10:26:09, EXEC, v:1, k:ed@bst_remove, mode:FULL, rate:50, size:113
2026-06-08 10:26:05, MOVE, v:1, k:ed@bst_remove, mode:EDIT
2026-06-08 10:26:30, EXEC, v:1, k:ed@bst_remove, mode:FULL, rate:50, size:113
2026-06-08 10:26:45, EXEC, v:1, k:ed@bst_remove, mode:FULL, rate:100, size:113
2026-06-08 10:26:54, SELF, v:1, k:ed@bst_remove, self:1, rate:100, study:40, concept:1
2026-06-08 10:26:55, EXEC, v:1, k:ed@bst_remove, mode:FULL, rate:100
2026-06-08 10:26:56, MOVE, v:1, k:ed@bst_remove, mode:BACK
