2026-05-19 08:23:43, MOVE, v:1, k:ed@distancia, mode:PICK
2026-05-19 08:23:46, MOVE, v:1, k:ed@distancia, mode:BACK
2026-05-19 08:27:34, MOVE, v:1, k:ed@distancia, mode:PICK
2026-05-19 08:27:36, EXEC, v:1, k:ed@distancia, mode:FULL, rate:0
2026-05-19 08:28:14, EXEC, v:1, k:ed@distancia, mode:FULL, rate:100, size:70
2026-05-19 08:28:16, EXEC, v:1, k:ed@distancia, mode:FULL, rate:100
2026-05-19 08:28:38, EXEC, v:1, k:ed@distancia, mode:FULL, rate:0, size:7
2026-05-19 08:23:55, MOVE, v:1, k:ed@ilhas, mode:EDIT
2026-05-19 08:28:36, MOVE, v:1, k:ed@distancia, mode:EDIT
2026-05-19 08:30:06, EXEC, v:1, k:ed@distancia, mode:FULL, rate:100, size:61
2026-05-19 08:30:08, EXEC, v:1, k:ed@distancia, mode:FULL, rate:100
2026-05-19 08:30:42, SELF, v:1, k:ed@distancia, self:1, rate:100, study:35, code:1
2026-05-19 08:30:43, EXEC, v:1, k:ed@distancia, mode:FULL, rate:100
2026-05-19 08:30:45, MOVE, v:1, k:ed@distancia, mode:BACK
2026-05-19 08:31:04, MOVE, v:1, k:ed@ilhas, mode:PICK
2026-05-19 08:31:05, EXEC, v:1, k:ed@ilhas, mode:FULL, rate:100
2026-05-19 08:31:21, SELF, v:1, k:ed@ilhas, self:1, rate:100, concept:1, problem:1
2026-05-19 08:31:24, EXEC, v:1, k:ed@ilhas, mode:FULL, rate:100
2026-05-19 08:31:24, MOVE, v:1, k:ed@ilhas, mode:BACK
2026-05-19 08:31:47, MOVE, v:1, k:ed@bst_remove, mode:DOWN
2026-05-19 08:51:43, MOVE, v:1, k:ed@ilhas, mode:PICK
2026-05-19 08:51:45, EXEC, v:1, k:ed@ilhas, mode:FULL, rate:100
2026-05-19 08:51:46, MOVE, v:1, k:ed@ilhas, mode:BACK
2026-05-19 08:52:04, SELF, v:1, k:ed@ilhas, self:1, rate:100, guided:1, concept:1, problem:1
2026-05-19 08:52:51, MOVE, v:1, k:ed@ilhas, mode:PICK
2026-05-19 08:53:05, SELF, v:1, k:ed@ilhas, self:1, rate:100, guided:1, concept:1
2026-05-19 08:53:06, EXEC, v:1, k:ed@ilhas, mode:FULL, rate:100
2026-05-19 09:03:05, EXEC, v:1, k:ed@ilhas, mode:FULL, size:64, fail:COMP
2026-05-19 09:03:05, EXEC, v:1, k:ed@ilhas, mode:FULL, fail:COMP
2026-05-19 09:04:15, EXEC, v:1, k:ed@ilhas, mode:FULL, rate:100, size:91
2026-05-19 09:04:16, EXEC, v:1, k:ed@ilhas, mode:FULL, rate:100
2026-05-19 09:04:13, MOVE, v:1, k:ed@ilhas, mode:EDIT
2026-05-19 09:07:40, EXEC, v:1, k:ed@ilhas, mode:FULL, rate:100, size:85
2026-05-19 09:08:17, EXEC, v:1, k:ed@ilhas, mode:FULL, rate:100, size:76
2026-05-19 09:08:22, EXEC, v:1, k:ed@ilhas, mode:FULL, rate:100
2026-05-19 09:08:31, SELF, v:1, k:ed@ilhas, self:1, rate:100, guided:1
2026-05-19 09:08:32, EXEC, v:1, k:ed@ilhas, mode:FULL, rate:100
2026-05-19 09:08:35, SELF, v:1, k:ed@ilhas, self:1, rate:100, guided:1
2026-05-19 09:08:36, MOVE, v:1, k:ed@ilhas, mode:BACK
2026-05-19 10:33:56, MOVE, v:1, k:ed@fractais_png, mode:PICK
2026-05-19 10:33:59, EXEC, v:1, k:ed@fractais_png, mode:LOCK, rate:100
2026-05-19 10:34:01, MOVE, v:1, k:ed@fractais_png, mode:BACK
2026-05-19 10:33:59, MOVE, v:1, k:ed@fractais_png, mode:EDIT
