2026-06-06 14:44:43, MOVE, v:1, k:ed@editorint, mode:PICK
2026-06-06 14:44:46, EXEC, v:1, k:ed@editorint, mode:LOCK, rate:0
2026-06-06 14:44:46, EXEC, v:1, k:ed@editorint, mode:FREE
2026-06-06 14:45:54, MOVE, v:1, k:ed@editorint, mode:BACK
2026-06-06 14:46:58, SELF, v:1, k:ed@editorint, self:1, rate:100, guided:1, concept:1
2026-06-06 14:47:34, MOVE, v:1, k:ed@serial, mode:DOWN
2026-06-06 14:47:49, MOVE, v:1, k:ed@serial, mode:PICK
2026-06-06 14:47:34, MOVE, v:1, k:ed@serial, mode:EDIT
2026-06-06 14:47:34, MOVE, v:1, k:ed@serial, mode:EDIT
2026-06-06 14:47:34, MOVE, v:1, k:ed@serial, mode:EDIT
2026-06-06 15:17:56, EXEC, v:1, k:ed@serial, mode:FULL, rate:0, size:65
2026-06-06 15:20:51, MOVE, v:1, k:ed@serial, mode:BACK
2026-06-06 15:21:01, MOVE, v:1, k:ed@serial, mode:PICK
2026-06-06 15:21:02, EXEC, v:1, k:ed@serial, mode:FULL, rate:0
2026-06-06 15:21:03, MOVE, v:1, k:ed@serial, mode:BACK
2026-06-06 15:21:21, SELF, v:1, k:ed@editorint, self:1, guided:1, concept:1
2026-06-06 15:21:33, SELF, v:1, k:ed@editorint, self:1, study:120, guided:1, concept:1
2026-06-06 15:21:34, MOVE, v:1, k:ed@editorint, mode:PICK
2026-06-06 15:21:35, MOVE, v:1, k:ed@editorint, mode:BACK
2026-06-06 15:21:50, MOVE, v:1, k:ed@serial, mode:PICK
2026-06-06 15:24:56, EXEC, v:1, k:ed@serial, mode:FULL, rate:0
2026-06-06 15:24:57, MOVE, v:1, k:ed@serial, mode:BACK
2026-06-06 15:25:29, MOVE, v:1, k:ed@serial, mode:PICK
2026-06-06 15:31:09, EXEC, v:1, k:ed@serial, mode:FULL, size:73, fail:COMP
2026-06-06 15:31:38, EXEC, v:1, k:ed@serial, mode:FULL, size:72, fail:COMP
2026-06-06 15:31:52, EXEC, v:1, k:ed@serial, mode:FULL, size:73, fail:COMP
2026-06-06 15:32:10, EXEC, v:1, k:ed@serial, mode:FULL, size:73, fail:COMP
2026-06-06 15:32:47, EXEC, v:1, k:ed@serial, mode:FULL, size:73, fail:COMP
2026-06-06 15:33:30, EXEC, v:1, k:ed@serial, mode:FULL, size:73, fail:COMP
2026-06-06 15:33:31, EXEC, v:1, k:ed@serial, mode:FULL, fail:COMP
2026-06-06 15:33:47, EXEC, v:1, k:ed@serial, mode:FULL, rate:0, size:75
2026-06-06 15:34:03, EXEC, v:1, k:ed@serial, mode:FULL, rate:100, size:75
2026-06-06 15:34:06, MOVE, v:1, k:ed@serial, mode:BACK
2026-06-06 15:34:14, MOVE, v:1, k:ed@serial, mode:PICK
2026-06-06 15:42:44, EXEC, v:1, k:ed@serial, mode:FULL, rate:100
2026-06-06 15:42:51, MOVE, v:1, k:ed@serial, mode:BACK
2026-06-06 15:43:07, SELF, v:1, k:ed@serial, self:1, rate:100, study:30, concept:1
2026-06-06 15:43:26, MOVE, v:1, k:ed@editorint, mode:PICK
2026-06-06 15:43:29, EXEC, v:1, k:ed@editorint, mode:LOCK, rate:100
2026-06-06 15:43:33, EXEC, v:1, k:ed@editorint, mode:LOCK, rate:100
2026-06-06 15:43:34, MOVE, v:1, k:ed@editorint, mode:BACK
2026-06-06 15:43:43, SELF, v:1, k:ed@editorint, self:1, study:120, guided:1, concept:1
2026-06-06 15:43:46, MOVE, v:1, k:ed@editorint, mode:PICK
2026-06-06 15:43:49, EXEC, v:1, k:ed@editorint, mode:LOCK, rate:0
2026-06-06 15:43:51, EXEC, v:1, k:ed@editorint, mode:LOCK, rate:100
2026-06-06 15:43:51, MOVE, v:1, k:ed@editorint, mode:BACK
2026-06-06 15:44:26, MOVE, v:1, k:ed@formatada, mode:DOWN
2026-06-06 15:45:09, MOVE, v:1, k:ed@formatada, mode:PICK
2026-06-06 15:45:10, EXEC, v:1, k:ed@formatada, mode:FULL, rate:0, size:72
2026-06-06 15:47:02, EXEC, v:1, k:ed@formatada, mode:FULL, rate:0
2026-06-06 15:47:03, EXEC, v:1, k:ed@formatada, mode:FULL, rate:0
2026-06-06 15:47:05, MOVE, v:1, k:ed@formatada, mode:BACK
2026-06-06 15:47:06, MOVE, v:1, k:ed@serial, mode:PICK
2026-06-06 15:47:07, EXEC, v:1, k:ed@serial, mode:FULL, rate:100
2026-06-06 15:47:08, MOVE, v:1, k:ed@serial, mode:BACK
2026-06-06 15:47:14, MOVE, v:1, k:ed@formatada, mode:PICK
2026-06-06 15:47:15, EXEC, v:1, k:ed@formatada, mode:FULL, rate:0
2026-06-06 15:44:26, MOVE, v:1, k:ed@formatada, mode:EDIT
2026-06-06 15:44:26, MOVE, v:1, k:ed@formatada, mode:EDIT
2026-06-06 15:44:26, MOVE, v:1, k:ed@formatada, mode:EDIT
2026-06-06 15:44:26, MOVE, v:1, k:ed@formatada, mode:EDIT
2026-06-06 15:44:26, MOVE, v:1, k:ed@formatada, mode:EDIT
2026-06-06 15:44:26, MOVE, v:1, k:ed@formatada, mode:EDIT
2026-06-06 15:58:32, MOVE, v:1, k:ed@formatada, mode:BACK
2026-06-06 15:58:41, MOVE, v:1, k:ed@formatada, mode:PICK
2026-06-06 15:58:42, EXEC, v:1, k:ed@formatada, mode:FULL, rate:0
2026-06-06 16:02:47, EXEC, v:1, k:ed@formatada, mode:FULL, rate:0, size:80
2026-06-06 16:02:56, EXEC, v:1, k:ed@formatada, mode:FULL, rate:0, size:80
2026-06-06 16:03:03, EXEC, v:1, k:ed@formatada, mode:FULL, rate:0, size:80
2026-06-06 16:03:02, MOVE, v:1, k:ed@formatada, mode:EDIT
2026-06-06 16:03:02, MOVE, v:1, k:ed@formatada, mode:EDIT
2026-06-06 16:03:52, EXEC, v:1, k:ed@formatada, mode:FULL, rate:0, size:82
2026-06-06 16:03:53, EXEC, v:1, k:ed@formatada, mode:FULL, rate:0
2026-06-06 16:04:44, EXEC, v:1, k:ed@formatada, mode:FULL, rate:0, size:82
2026-06-06 16:04:53, EXEC, v:1, k:ed@formatada, mode:FULL, rate:0, size:82
2026-06-06 16:06:42, EXEC, v:1, k:ed@formatada, mode:FULL, size:82, fail:COMP
2026-06-06 16:07:10, EXEC, v:1, k:ed@formatada, mode:FULL, rate:0, size:82
2026-06-06 16:07:26, EXEC, v:1, k:ed@formatada, mode:FULL, rate:14, size:82
2026-06-06 16:07:44, MOVE, v:1, k:ed@formatada, mode:BACK
2026-06-06 16:07:50, MOVE, v:1, k:ed@formatada, mode:PICK
2026-06-06 16:07:52, EXEC, v:1, k:ed@formatada, mode:FULL, rate:14
2026-06-06 16:07:24, MOVE, v:1, k:ed@formatada, mode:EDIT
2026-06-06 16:08:22, EXEC, v:1, k:ed@formatada, mode:FULL, rate:14, size:82
2026-06-06 16:08:47, EXEC, v:1, k:ed@formatada, mode:FULL, rate:100, size:82
2026-06-06 16:09:03, SELF, v:1, k:ed@formatada, self:1, rate:100, study:30, concept:1, debug:1
2026-06-06 16:09:05, EXEC, v:1, k:ed@formatada, mode:FULL, rate:100
2026-06-06 16:09:05, MOVE, v:1, k:ed@formatada, mode:BACK
2026-06-06 16:10:58, MOVE, v:1, k:ed@inverter, mode:DOWN
2026-06-06 16:08:45, MOVE, v:1, k:ed@formatada, mode:EDIT
2026-06-06 16:10:58, MOVE, v:1, k:ed@inverter, mode:EDIT
2026-06-06 16:10:58, MOVE, v:1, k:ed@inverter, mode:EDIT
2026-06-06 16:10:58, MOVE, v:1, k:ed@inverter, mode:EDIT
2026-06-06 16:10:58, MOVE, v:1, k:ed@inverter, mode:EDIT
2026-06-06 16:10:58, MOVE, v:1, k:ed@inverter, mode:EDIT
2026-06-06 16:10:58, MOVE, v:1, k:ed@inverter, mode:EDIT
2026-06-06 16:21:08, MOVE, v:1, k:ed@inverter, mode:PICK
2026-06-06 16:21:09, EXEC, v:1, k:ed@inverter, mode:FULL, rate:16, size:72
2026-06-06 16:21:15, MOVE, v:1, k:ed@inverter, mode:BACK
2026-06-06 16:21:22, MOVE, v:1, k:ed@inverter, mode:PICK
2026-06-06 16:21:23, EXEC, v:1, k:ed@inverter, mode:FULL, rate:16
2026-06-06 16:22:08, MOVE, v:1, k:ed@inverter, mode:BACK
2026-06-06 16:22:22, MOVE, v:1, k:ed@clonar, mode:DOWN
2026-06-06 16:22:22, MOVE, v:1, k:ed@clonar, mode:PICK
2026-06-06 16:22:23, MOVE, v:1, k:ed@clonar, mode:BACK
2026-06-06 16:22:39, MOVE, v:1, k:ed@inverter, mode:PICK
2026-06-06 16:22:41, MOVE, v:1, k:ed@inverter, mode:BACK
2026-06-06 16:22:42, MOVE, v:1, k:ed@inverter, mode:PICK
2026-06-06 16:22:22, MOVE, v:1, k:ed@clonar, mode:EDIT
2026-06-06 16:22:22, MOVE, v:1, k:ed@clonar, mode:EDIT
2026-06-06 16:22:22, MOVE, v:1, k:ed@clonar, mode:EDIT
2026-06-06 16:22:22, MOVE, v:1, k:ed@clonar, mode:EDIT
2026-06-06 16:22:22, MOVE, v:1, k:ed@clonar, mode:EDIT
2026-06-06 16:22:22, MOVE, v:1, k:ed@clonar, mode:EDIT
2026-06-06 16:32:33, EXEC, v:1, k:ed@inverter, mode:FULL, rate:16
2026-06-06 16:32:37, MOVE, v:1, k:ed@inverter, mode:BACK
