2026-05-25 09:02:10, MOVE, v:1, k:ed@pintura, mode:PICK
2026-05-25 09:02:11, EXEC, v:1, k:ed@pintura, mode:FULL, size:82, fail:COMP
2026-05-25 09:02:12, EXEC, v:1, k:ed@pintura, mode:FULL, fail:COMP
2026-05-25 09:02:13, MOVE, v:1, k:ed@pintura, mode:BACK
2026-05-25 09:02:55, MOVE, v:1, k:ed@gomos, mode:PICK
2026-05-25 09:02:56, EXEC, v:1, k:ed@gomos, mode:FULL, rate:100
2026-05-25 09:03:01, MOVE, v:1, k:ed@gomos, mode:BACK
2026-05-25 09:03:33, MOVE, v:1, k:ed@pintura, mode:PICK
2026-05-25 09:03:33, EXEC, v:1, k:ed@pintura, mode:FULL, fail:COMP
2026-05-25 09:03:35, MOVE, v:1, k:ed@pintura, mode:BACK
2026-05-25 09:03:37, MOVE, v:1, k:ed@pintura, mode:PICK
2026-05-25 09:03:38, EXEC, v:1, k:ed@pintura, mode:FULL, fail:COMP
2026-05-25 09:03:38, MOVE, v:1, k:ed@pintura, mode:BACK
2026-05-25 09:03:46, MOVE, v:1, k:ed@baruel, mode:PICK
2026-05-25 09:03:46, MOVE, v:1, k:ed@baruel, mode:BACK
2026-05-25 09:56:37, MOVE, v:1, k:ed@pintura, mode:PICK
2026-05-25 09:56:37, EXEC, v:1, k:ed@pintura, mode:FULL, fail:COMP
2026-05-25 09:56:38, MOVE, v:1, k:ed@pintura, mode:BACK
2026-05-25 09:56:40, MOVE, v:1, k:ed@pintura, mode:PICK
2026-05-25 09:56:41, MOVE, v:1, k:ed@pintura, mode:BACK
2026-05-25 09:56:49, MOVE, v:1, k:ed@wordsearch, mode:PICK
2026-05-25 10:22:33, EXEC, v:1, k:ed@wordsearch, mode:FULL, size:88, fail:COMP
2026-05-25 10:22:34, EXEC, v:1, k:ed@wordsearch, mode:FULL, fail:COMP
2026-05-25 10:22:48, EXEC, v:1, k:ed@wordsearch, mode:FULL, size:89, fail:COMP
2026-05-25 10:22:48, EXEC, v:1, k:ed@wordsearch, mode:FULL, size:89, fail:COMP
2026-05-25 10:22:48, EXEC, v:1, k:ed@wordsearch, mode:FULL, size:89, fail:COMP
2026-05-25 10:22:46, MOVE, v:1, k:ed@wordsearch, mode:EDIT
2026-05-25 10:22:46, MOVE, v:1, k:ed@wordsearch, mode:EDIT
2026-05-25 10:23:18, EXEC, v:1, k:ed@wordsearch, mode:FULL, size:91, fail:COMP
2026-05-25 10:23:18, EXEC, v:1, k:ed@wordsearch, mode:FULL, size:91, fail:COMP
2026-05-25 10:23:19, EXEC, v:1, k:ed@wordsearch, mode:FULL, size:91, fail:COMP
2026-05-25 10:23:21, EXEC, v:1, k:ed@wordsearch, mode:FREE
2026-05-25 10:24:35, MOVE, v:1, k:ed@wordsearch, mode:PICK
2026-05-25 10:24:35, EXEC, v:1, k:ed@wordsearch, mode:FULL, rate:100, size:90
2026-05-25 10:24:36, EXEC, v:1, k:ed@wordsearch, mode:FULL, rate:100
2026-05-25 10:24:37, MOVE, v:1, k:ed@wordsearch, mode:BACK
2026-05-25 10:24:48, MOVE, v:1, k:ed@wordsearch, mode:PICK
2026-05-25 10:24:49, EXEC, v:1, k:ed@wordsearch, mode:FULL, rate:100
2026-05-25 10:24:50, MOVE, v:1, k:ed@wordsearch, mode:BACK
2026-05-25 10:24:57, SELF, v:1, k:ed@wordsearch, self:1, rate:100, concept:1
2026-05-25 10:24:58, MOVE, v:1, k:ed@wordsearch, mode:PICK
2026-05-25 10:24:58, EXEC, v:1, k:ed@wordsearch, mode:FULL, rate:100
2026-05-25 10:24:59, MOVE, v:1, k:ed@wordsearch, mode:BACK
2026-05-25 10:25:06, MOVE, v:1, k:ed@pintura, mode:PICK
2026-05-25 10:25:06, EXEC, v:1, k:ed@pintura, mode:FULL, fail:COMP
2026-05-25 10:25:13, MOVE, v:1, k:ed@pintura, mode:BACK
2026-05-25 10:25:18, MOVE, v:1, k:ed@wordsearch, mode:PICK
2026-05-25 10:25:19, MOVE, v:1, k:ed@wordsearch, mode:BACK
2026-05-25 10:25:42, MOVE, v:1, k:ed@pintura, mode:PICK
2026-05-25 10:26:56, MOVE, v:1, k:ed@pintura, mode:BACK
2026-05-25 10:26:57, MOVE, v:1, k:ed@pintura, mode:DOWN
2026-05-25 10:27:00, MOVE, v:1, k:ed@pintura, mode:PICK
2026-05-25 10:26:57, MOVE, v:1, k:ed@pintura, mode:EDIT
2026-05-25 10:26:57, MOVE, v:1, k:ed@pintura, mode:EDIT
2026-05-25 10:26:57, MOVE, v:1, k:ed@pintura, mode:EDIT
2026-05-25 10:33:56, MOVE, v:1, k:ed@pintura, mode:EDIT
2026-05-25 10:37:13, EXEC, v:1, k:ed@pintura, mode:FULL, rate:50, size:74
2026-05-25 10:37:14, EXEC, v:1, k:ed@pintura, mode:FULL, rate:50
2026-05-25 10:37:25, EXEC, v:1, k:ed@pintura, mode:FULL, rate:50
2026-05-25 10:37:34, EXEC, v:1, k:ed@pintura, mode:FULL, rate:50, size:74
2026-05-25 10:37:35, EXEC, v:1, k:ed@pintura, mode:FULL, rate:50
2026-05-25 10:37:35, EXEC, v:1, k:ed@pintura, mode:FULL, rate:50
2026-05-25 10:37:36, EXEC, v:1, k:ed@pintura, mode:FULL, rate:50
2026-05-25 10:38:02, EXEC, v:1, k:ed@pintura, mode:FULL, rate:100, size:74
2026-05-25 10:38:03, EXEC, v:1, k:ed@pintura, mode:FULL, rate:100
2026-05-25 10:38:11, EXEC, v:1, k:ed@pintura, mode:FULL, rate:100, size:74
2026-05-25 10:38:18, MOVE, v:1, k:ed@pintura, mode:BACK
2026-05-25 10:38:43, MOVE, v:1, k:ed@pintura, mode:PICK
2026-05-25 10:48:36, EXEC, v:1, k:ed@pintura, mode:FULL, rate:100
2026-05-25 10:48:36, MOVE, v:1, k:ed@pintura, mode:BACK
2026-05-25 10:48:53, SELF, v:1, k:ed@pintura, self:1, rate:100, concept:1, problem:1
2026-05-25 10:49:06, MOVE, v:1, k:ed@pintura, mode:PICK
2026-05-25 10:49:07, MOVE, v:1, k:ed@pintura, mode:BACK
2026-05-25 10:49:12, SELF, v:1, k:ed@pintura, self:1, rate:100
2026-05-25 10:49:18, SELF, v:1, k:ed@pintura, self:1, rate:100, concept:1, problem:1
2026-05-25 10:49:41, SELF, v:1, k:ed@pintura, self:1, rate:100, study:30, concept:1, problem:1
2026-05-25 10:49:53, SELF, v:1, k:ed@cercado, self:1, rate:100, study:30, guided:1
2026-05-25 10:50:03, SELF, v:1, k:ed@ilhas, self:1, rate:100, study:50, guided:1
2026-05-25 10:50:21, SELF, v:1, k:ed@wordsearch, self:1, rate:100, study:45, concept:1
2026-05-25 10:50:33, SELF, v:1, k:ed@subset_sum, self:1, rate:100, study:40, concept:1
2026-05-25 10:50:42, SELF, v:1, k:ed@distancia, self:1, rate:100, study:50, guided:1
2026-05-25 10:51:07, SELF, v:1, k:ed@baruel, self:1, rate:100
2026-05-25 10:51:14, SELF, v:1, k:ed@baruel, self:1, rate:100, code:1
2026-05-25 10:51:15, MOVE, v:1, k:ed@baruel, mode:PICK
2026-05-25 10:51:15, MOVE, v:1, k:ed@baruel, mode:BACK
2026-05-25 10:51:34, MOVE, v:1, k:eval1@baruel, mode:PICK
2026-05-25 10:51:35, EXEC, v:1, k:eval1@baruel, mode:FULL, rate:0
2026-05-25 10:51:37, MOVE, v:1, k:eval1@baruel, mode:BACK
2026-05-25 10:51:54, MOVE, v:1, k:ed@especiais, mode:DOWN
2026-05-25 10:51:59, MOVE, v:1, k:ed@especiais, mode:PICK
2026-05-25 10:51:59, MOVE, v:1, k:ed@especiais, mode:BACK
2026-05-25 10:52:53, MOVE, v:1, k:ed@especiais, mode:PICK
2026-05-25 11:11:41, EXEC, v:1, k:ed@especiais, mode:FULL, size:135, fail:COMP
2026-05-25 11:12:33, EXEC, v:1, k:ed@especiais, mode:FULL, size:137, fail:COMP
2026-05-25 11:12:32, MOVE, v:1, k:ed@especiais, mode:EDIT
2026-05-25 11:15:10, EXEC, v:1, k:ed@especiais, mode:FULL, rate:12, size:149
2026-05-25 11:15:11, EXEC, v:1, k:ed@especiais, mode:FULL, rate:12
2026-05-25 11:15:08, MOVE, v:1, k:ed@especiais, mode:EDIT
2026-05-25 11:18:54, EXEC, v:1, k:ed@especiais, mode:FULL, rate:25, size:164
2026-05-25 11:18:55, EXEC, v:1, k:ed@especiais, mode:FULL, rate:25
2026-05-25 11:18:57, EXEC, v:1, k:ed@especiais, mode:FULL, rate:25
2026-05-25 11:18:57, EXEC, v:1, k:ed@especiais, mode:FULL, rate:25
2026-05-25 11:19:01, MOVE, v:1, k:ed@especiais, mode:BACK
2026-05-25 11:19:21, MOVE, v:1, k:ed@especiais, mode:PICK
2026-05-25 11:19:23, EXEC, v:1, k:ed@especiais, mode:FULL, rate:25
2026-05-25 11:20:09, MOVE, v:1, k:ed@especiais, mode:BACK
2026-05-25 11:20:32, MOVE, v:1, k:ed@iterador, mode:DOWN
2026-05-25 11:20:32, MOVE, v:1, k:ed@iterador, mode:PICK
2026-05-25 11:20:33, EXEC, v:1, k:ed@iterador, mode:FULL, rate:33, size:82
2026-05-25 11:20:35, EXEC, v:1, k:ed@iterador, mode:FULL, rate:33
2026-05-25 11:20:37, MOVE, v:1, k:ed@iterador, mode:BACK
2026-05-25 11:20:54, MOVE, v:1, k:ed@editorint, mode:PICK
2026-05-25 11:20:56, EXEC, v:1, k:ed@editorint, mode:LOCK, rate:100
2026-05-25 11:21:20, MOVE, v:1, k:ed@prin_list1, mode:PICK
2026-05-25 11:21:20, EXEC, v:1, k:ed@prin_list1, mode:LOCK, rate:0
2026-05-25 11:21:21, MOVE, v:1, k:ed@prin_list1, mode:BACK
2026-05-25 11:21:24, MOVE, v:1, k:ed@prin_list1, mode:PICK
2026-05-25 11:21:24, EXEC, v:1, k:ed@prin_list1, mode:LOCK, rate:0
2026-05-25 11:21:25, MOVE, v:1, k:ed@prin_list1, mode:BACK
2026-05-25 11:21:34, SELF, v:1, k:ed@prin_list1, self:1
2026-05-25 11:22:00, MOVE, v:1, k:ed@editor, mode:PICK
2026-05-25 11:22:00, EXEC, v:1, k:ed@editor, mode:FULL, rate:0
2026-05-25 11:22:02, MOVE, v:1, k:ed@editor, mode:BACK
2026-05-25 11:22:53, MOVE, v:1, k:ed@especiais, mode:PICK
2026-05-25 11:22:53, EXEC, v:1, k:ed@especiais, mode:FULL, rate:25
2026-05-25 11:23:50, EXEC, v:1, k:ed@especiais, mode:FULL, rate:37, size:173
2026-05-25 11:23:52, EXEC, v:1, k:ed@especiais, mode:FULL, rate:37
2026-05-25 11:20:32, MOVE, v:1, k:ed@iterador, mode:EDIT
2026-05-25 11:20:32, MOVE, v:1, k:ed@iterador, mode:EDIT
2026-05-25 11:20:32, MOVE, v:1, k:ed@iterador, mode:EDIT
2026-05-25 11:20:32, MOVE, v:1, k:ed@iterador, mode:EDIT
2026-05-25 11:23:49, MOVE, v:1, k:ed@especiais, mode:EDIT
2026-05-25 11:25:34, EXEC, v:1, k:ed@especiais, mode:FULL, rate:50, size:182
2026-05-25 11:25:35, EXEC, v:1, k:ed@especiais, mode:FULL, rate:50
2026-05-25 11:25:32, MOVE, v:1, k:ed@especiais, mode:EDIT
2026-05-25 11:27:18, EXEC, v:1, k:ed@especiais, mode:FULL, rate:62, size:200
2026-05-25 11:29:17, MOVE, v:1, k:ed@especiais, mode:EDIT
2026-05-25 11:29:18, EXEC, v:1, k:ed@especiais, mode:FULL, rate:75, size:209
2026-05-25 11:30:21, EXEC, v:1, k:ed@especiais, mode:FULL, rate:87, size:221
2026-05-25 11:30:48, EXEC, v:1, k:ed@especiais, mode:FULL, rate:100, size:226
2026-05-25 11:30:51, MOVE, v:1, k:ed@especiais, mode:BACK
2026-05-25 11:31:03, MOVE, v:1, k:ed@especiais, mode:PICK
2026-05-25 11:31:04, EXEC, v:1, k:ed@especiais, mode:FULL, rate:100
2026-05-25 11:31:05, MOVE, v:1, k:ed@especiais, mode:BACK
2026-05-25 11:31:19, MOVE, v:1, k:ed@especiais, mode:PICK
2026-05-25 11:30:46, MOVE, v:1, k:ed@especiais, mode:EDIT
2026-05-25 11:34:22, MOVE, v:1, k:ed@especiais, mode:BACK
2026-05-25 11:34:23, MOVE, v:1, k:ed@especiais, mode:PICK
2026-05-25 11:34:24, EXEC, v:1, k:ed@especiais, mode:FULL, rate:100
2026-05-25 11:34:28, MOVE, v:1, k:ed@especiais, mode:BACK
2026-05-25 11:34:30, MOVE, v:1, k:ed@especiais, mode:PICK
2026-05-25 11:34:30, EXEC, v:1, k:ed@especiais, mode:FULL, rate:100
2026-05-25 11:34:31, EXEC, v:1, k:ed@especiais, mode:FULL, rate:100
2026-05-25 11:46:23, MOVE, v:1, k:ed@especiais, mode:BACK
2026-05-25 11:46:50, SELF, v:1, k:ed@especiais, self:1, rate:100, study:60, code:1
2026-05-25 11:47:13, SELF, v:1, k:ed@especiais, self:1, rate:100, study:60
2026-05-25 11:47:20, SELF, v:1, k:ed@especiais, self:1, rate:100, study:60, problem:1, debug:1
2026-05-25 11:47:27, SELF, v:1, k:ed@especiais, self:1, rate:100, study:60, code:1
2026-05-25 11:47:49, MOVE, v:1, k:ed@iterador, mode:PICK
2026-05-25 11:47:50, EXEC, v:1, k:ed@iterador, mode:FULL, rate:33
2026-05-25 11:47:51, MOVE, v:1, k:ed@iterador, mode:BACK
2026-05-25 11:47:53, MOVE, v:1, k:ed@iterador, mode:PICK
2026-05-25 11:47:54, EXEC, v:1, k:ed@iterador, mode:FULL, rate:33
2026-05-25 11:47:55, MOVE, v:1, k:ed@iterador, mode:BACK
2026-05-25 11:48:04, MOVE, v:1, k:ed@iterador, mode:PICK
2026-05-25 11:48:22, MOVE, v:1, k:ed@iterador, mode:BACK
2026-05-25 11:48:48, MOVE, v:1, k:ed@longest, mode:DOWN
2026-05-25 11:48:51, MOVE, v:1, k:ed@battleship, mode:DOWN
2026-05-25 11:48:48, MOVE, v:1, k:ed@longest, mode:EDIT
2026-05-25 11:48:48, MOVE, v:1, k:ed@longest, mode:EDIT
2026-05-25 11:48:48, MOVE, v:1, k:ed@longest, mode:EDIT
2026-05-25 11:48:51, MOVE, v:1, k:ed@battleship, mode:EDIT
2026-05-25 11:48:51, MOVE, v:1, k:ed@battleship, mode:EDIT
2026-05-25 11:48:51, MOVE, v:1, k:ed@battleship, mode:EDIT
2026-05-25 11:48:48, MOVE, v:1, k:ed@longest, mode:EDIT
2026-05-25 11:48:48, MOVE, v:1, k:ed@longest, mode:EDIT
2026-05-25 11:48:48, MOVE, v:1, k:ed@longest, mode:EDIT
2026-05-25 11:48:51, MOVE, v:1, k:ed@battleship, mode:EDIT
2026-05-25 11:48:51, MOVE, v:1, k:ed@battleship, mode:EDIT
2026-05-25 11:48:51, MOVE, v:1, k:ed@battleship, mode:EDIT
2026-05-25 11:54:16, MOVE, v:1, k:ed@battleship, mode:PICK
2026-05-25 11:55:05, MOVE, v:1, k:ed@battleship, mode:BACK
2026-05-25 11:55:08, MOVE, v:1, k:ed@battleship, mode:PICK
2026-05-25 11:55:08, EXEC, v:1, k:ed@battleship, mode:FULL, size:32, fail:COMP
2026-05-25 11:55:09, MOVE, v:1, k:ed@battleship, mode:BACK
2026-05-25 11:55:20, MOVE, v:1, k:ed@magicsearch, mode:DOWN
2026-05-25 11:55:26, MOVE, v:1, k:ed@iterador, mode:PICK
2026-05-25 11:55:20, MOVE, v:1, k:ed@magicsearch, mode:EDIT
2026-05-25 11:55:20, MOVE, v:1, k:ed@magicsearch, mode:EDIT
2026-05-25 11:55:20, MOVE, v:1, k:ed@magicsearch, mode:EDIT
2026-05-25 11:58:44, MOVE, v:1, k:ed@iterador, mode:BACK
2026-05-25 11:55:20, MOVE, v:1, k:ed@magicsearch, mode:EDIT
2026-05-25 11:55:20, MOVE, v:1, k:ed@magicsearch, mode:EDIT
2026-05-25 11:55:20, MOVE, v:1, k:ed@magicsearch, mode:EDIT
2026-05-25 12:10:11, MOVE, v:1, k:ed@gomos, mode:PICK
2026-05-25 12:10:12, MOVE, v:1, k:ed@gomos, mode:BACK
2026-05-25 12:10:19, SELF, v:1, k:ed@baruel, self:1, rate:100
2026-05-25 12:10:24, SELF, v:1, k:ed@gomos, self:1, rate:100
2026-05-25 12:10:30, MOVE, v:1, k:ed@baruel, mode:PICK
2026-05-25 12:10:31, EXEC, v:1, k:ed@baruel, mode:FULL, rate:100
2026-05-25 12:10:31, MOVE, v:1, k:ed@baruel, mode:BACK
2026-05-25 12:10:32, MOVE, v:1, k:ed@gomos, mode:PICK
2026-05-25 12:10:33, EXEC, v:1, k:ed@gomos, mode:FULL, rate:100
2026-05-25 12:10:34, MOVE, v:1, k:ed@gomos, mode:BACK
2026-05-25 12:10:46, SELF, v:1, k:ed@baruel, self:1, rate:100, code:1
2026-05-25 12:10:56, SELF, v:1, k:ed@gomos, self:1, rate:100, problem:1, code:1
2026-05-25 12:11:03, SELF, v:1, k:ed@gomos, self:1, rate:100, problem:1, code:1
2026-05-25 12:11:03, MOVE, v:1, k:ed@gomos, mode:PICK
2026-05-25 12:11:04, EXEC, v:1, k:ed@gomos, mode:FULL, rate:100
2026-05-25 12:11:05, MOVE, v:1, k:ed@gomos, mode:BACK
2026-05-25 12:11:23, MOVE, v:1, k:ed@editor, mode:PICK
2026-05-25 12:11:25, EXEC, v:1, k:ed@editor, mode:FULL, rate:0
2026-05-25 12:11:28, MOVE, v:1, k:ed@editor, mode:BACK
2026-05-25 12:11:53, MOVE, v:1, k:ed@editor, mode:PICK
2026-05-25 12:14:43, MOVE, v:1, k:ed@editor, mode:BACK
