2026-05-03 18:29:35, MOVE, v:1, k:ed@lista_d1, mode:PICK
2026-05-03 18:33:38, MOVE, v:1, k:ed@lista_d1, mode:EDIT
2026-05-03 18:42:37, EXEC, v:1, k:ed@lista_d1, mode:FULL, size:87, fail:COMP
2026-05-03 18:42:45, EXEC, v:1, k:ed@lista_d1, mode:FULL, size:87, fail:COMP
2026-05-03 18:42:46, EXEC, v:1, k:ed@lista_d1, mode:FULL, fail:COMP
2026-05-03 18:43:25, MOVE, v:1, k:ed@lista_d1, mode:EDIT
2026-05-03 18:47:18, EXEC, v:1, k:ed@lista_d1, mode:FULL, size:91, fail:COMP
2026-05-03 18:48:48, EXEC, v:1, k:ed@lista_d1, mode:FULL, fail:COMP
2026-05-03 18:48:51, EXEC, v:1, k:ed@lista_d1, mode:FULL, size:89, fail:COMP
2026-05-03 18:48:49, MOVE, v:1, k:ed@lista_d1, mode:EDIT
2026-05-03 18:49:23, EXEC, v:1, k:ed@lista_d1, mode:FULL, size:89, fail:COMP
2026-05-03 18:49:24, EXEC, v:1, k:ed@lista_d1, mode:FULL, fail:COMP
2026-05-03 18:49:38, EXEC, v:1, k:ed@lista_d1, mode:FULL, rate:0, size:89
2026-05-03 18:51:27, MOVE, v:1, k:ed@lista_d1, mode:EDIT
2026-05-03 18:54:30, EXEC, v:1, k:ed@lista_d1, mode:FULL, size:101, fail:COMP
2026-05-03 18:54:38, EXEC, v:1, k:ed@lista_d1, mode:FULL, size:101, fail:COMP
2026-05-03 18:54:39, EXEC, v:1, k:ed@lista_d1, mode:FULL, fail:COMP
2026-05-03 18:55:41, EXEC, v:1, k:ed@lista_d1, mode:FULL, size:101, fail:COMP
2026-05-03 18:57:54, EXEC, v:1, k:ed@lista_d1, mode:FULL, rate:0, size:101
2026-05-03 18:58:07, EXEC, v:1, k:ed@lista_d1, mode:FULL, rate:0, size:101
2026-05-03 18:58:27, EXEC, v:1, k:ed@lista_d1, mode:FULL, rate:0
2026-05-03 18:58:48, EXEC, v:1, k:ed@lista_d1, mode:FULL, rate:14, size:101
2026-05-03 18:58:45, MOVE, v:1, k:ed@lista_d1, mode:EDIT
2026-05-03 18:59:13, EXEC, v:1, k:ed@lista_d1, mode:FULL, rate:0, size:101
2026-05-03 18:59:34, EXEC, v:1, k:ed@lista_d1, mode:FULL, rate:14, size:101
2026-05-03 19:01:03, EXEC, v:1, k:ed@lista_d1, mode:FULL, size:104, fail:COMP
2026-05-03 19:01:55, EXEC, v:1, k:ed@lista_d1, mode:FULL, rate:0, size:104
2026-05-03 19:02:02, EXEC, v:1, k:ed@lista_d1, mode:FULL, rate:0, size:105
2026-05-03 19:02:15, EXEC, v:1, k:ed@lista_d1, mode:FULL, rate:14, size:105
2026-05-03 19:03:25, EXEC, v:1, k:ed@lista_d1, mode:FULL, rate:14, size:108
2026-05-03 19:03:32, EXEC, v:1, k:ed@lista_d1, mode:FULL, rate:14
2026-05-03 19:03:30, MOVE, v:1, k:ed@lista_d1, mode:EDIT
2026-05-03 19:05:46, EXEC, v:1, k:ed@lista_d1, mode:FULL, size:109, fail:COMP
2026-05-03 19:06:30, EXEC, v:1, k:ed@lista_d1, mode:FULL, rate:14, size:109
2026-05-03 19:07:20, EXEC, v:1, k:ed@lista_d1, mode:FULL, rate:42, size:108
2026-05-03 19:07:18, MOVE, v:1, k:ed@lista_d1, mode:EDIT
2026-05-03 19:11:23, EXEC, v:1, k:ed@lista_d1, mode:FULL, rate:57, size:111
2026-05-03 19:12:41, EXEC, v:1, k:ed@lista_d1, mode:FULL, rate:57, size:114
2026-05-03 19:13:18, EXEC, v:1, k:ed@lista_d1, mode:FULL, rate:71, size:116
2026-05-03 19:13:16, MOVE, v:1, k:ed@lista_d1, mode:EDIT
2026-05-03 19:16:51, EXEC, v:1, k:ed@lista_d1, mode:FULL, rate:85, size:129
2026-05-03 19:18:16, EXEC, v:1, k:ed@lista_d1, mode:FULL, size:271, fail:COMP
2026-05-03 19:18:42, EXEC, v:1, k:ed@lista_d1, mode:FULL, size:271, fail:COMP
2026-05-03 19:18:43, EXEC, v:1, k:ed@lista_d1, mode:FULL, fail:COMP
2026-05-03 19:18:59, MOVE, v:1, k:ed@lista_d1, mode:EDIT
2026-05-03 19:19:00, EXEC, v:1, k:ed@lista_d1, mode:FULL, size:271, fail:COMP
2026-05-03 19:19:01, EXEC, v:1, k:ed@lista_d1, mode:FULL, fail:COMP
2026-05-03 19:19:31, EXEC, v:1, k:ed@lista_d1, mode:FULL, size:224, fail:COMP
2026-05-03 19:19:32, EXEC, v:1, k:ed@lista_d1, mode:FULL, fail:COMP
2026-05-03 19:20:17, EXEC, v:1, k:ed@lista_d1, mode:FULL, rate:100, size:142
2026-05-03 19:20:26, EXEC, v:1, k:ed@lista_d1, mode:FULL, rate:100
2026-05-03 19:20:46, SELF, v:1, k:ed@lista_d1, self:1, rate:100, study:60, guided:1, concept:1
2026-05-03 19:20:48, EXEC, v:1, k:ed@lista_d1, mode:FULL, rate:100
2026-05-03 19:20:48, MOVE, v:1, k:ed@lista_d1, mode:BACK
2026-05-03 19:20:53, MOVE, v:1, k:ed@lista_d1, mode:PICK
2026-05-03 19:20:54, EXEC, v:1, k:ed@lista_d1, mode:FULL, rate:100
2026-05-03 19:20:54, MOVE, v:1, k:ed@lista_d1, mode:BACK
2026-05-03 19:21:20, MOVE, v:1, k:ed@lista_d2, mode:DOWN
