2026-05-20 08:52:43, MOVE, v:1, k:ed@cercado, mode:PICK
2026-05-20 08:52:44, EXEC, v:1, k:ed@cercado, mode:FULL, rate:33, size:29
2026-05-20 08:52:56, MOVE, v:1, k:ed@cercado, mode:BACK
2026-05-20 08:53:33, MOVE, v:1, k:ed@pintura, mode:PICK
2026-05-20 08:53:34, EXEC, v:1, k:ed@pintura, mode:FULL, fail:COMP
2026-05-20 08:53:35, EXEC, v:1, k:ed@pintura, mode:FULL, fail:COMP
2026-05-20 08:53:35, MOVE, v:1, k:ed@pintura, mode:BACK
2026-05-20 08:53:54, MOVE, v:1, k:ed@cercado, mode:PICK
2026-05-20 09:04:01, MOVE, v:1, k:ed@cercado, mode:BACK
2026-05-20 09:04:06, MOVE, v:1, k:ed@cercado, mode:PICK
2026-05-20 09:04:07, EXEC, v:1, k:ed@cercado, mode:FULL, rate:33
2026-05-20 09:06:39, EXEC, v:1, k:ed@cercado, mode:FULL, rate:33, size:60
2026-05-20 09:06:40, EXEC, v:1, k:ed@cercado, mode:FULL, rate:33
2026-05-20 09:06:41, EXEC, v:1, k:ed@cercado, mode:FULL, rate:33
2026-05-20 09:07:11, EXEC, v:1, k:ed@cercado, mode:FULL, rate:100, size:97
2026-05-20 09:07:13, EXEC, v:1, k:ed@cercado, mode:FULL, rate:100
2026-05-20 09:07:16, EXEC, v:1, k:ed@cercado, mode:FULL, rate:100
2026-05-20 09:07:16, MOVE, v:1, k:ed@cercado, mode:BACK
2026-05-20 09:07:23, MOVE, v:1, k:ed@cercado, mode:EDIT
2026-05-20 09:07:30, MOVE, v:1, k:ed@cercado, mode:PICK
2026-05-20 09:07:31, EXEC, v:1, k:ed@cercado, mode:FULL, rate:33, size:29
2026-05-20 09:07:33, EXEC, v:1, k:ed@cercado, mode:FULL, rate:33
2026-05-20 09:07:33, MOVE, v:1, k:ed@cercado, mode:BACK
2026-05-20 09:08:22, SELF, v:1, k:ed@baruel, self:1, rate:100
2026-05-20 09:08:36, SELF, v:1, k:ed@baruel, self:1, rate:100, problem:1, code:1
2026-05-20 09:09:24, MOVE, v:1, k:ed@prin_list1, mode:PICK
2026-05-20 09:09:25, EXEC, v:1, k:ed@prin_list1, mode:LOCK, rate:0
2026-05-20 09:09:26, EXEC, v:1, k:ed@prin_list1, mode:LOCK, rate:0
2026-05-20 09:09:31, MOVE, v:1, k:ed@prin_list1, mode:BACK
2026-05-20 09:09:40, MOVE, v:1, k:ed@prin_list1, mode:PICK
2026-05-20 09:15:15, EXEC, v:1, k:ed@prin_list1, mode:FULL, size:317, fail:COMP
2026-05-20 09:14:57, MOVE, v:1, k:ed@prin_list1, mode:EDIT
2026-05-20 09:14:41, MOVE, v:1, k:ed@prin_list1, mode:EDIT
2026-05-20 09:18:58, EXEC, v:1, k:ed@prin_list1, mode:LOCK, rate:0, size:196
2026-05-20 09:18:59, EXEC, v:1, k:ed@prin_list1, mode:LOCK, rate:0
2026-05-20 09:19:00, EXEC, v:1, k:ed@prin_list1, mode:LOCK, rate:0
2026-05-20 09:19:01, EXEC, v:1, k:ed@prin_list1, mode:LOCK, rate:0
2026-05-20 09:19:01, EXEC, v:1, k:ed@prin_list1, mode:LOCK, rate:0
2026-05-20 09:19:47, EXEC, v:1, k:ed@prin_list1, mode:LOCK, rate:0
2026-05-20 09:19:48, EXEC, v:1, k:ed@prin_list1, mode:LOCK, rate:0
2026-05-20 09:19:50, MOVE, v:1, k:ed@prin_list1, mode:BACK
2026-05-20 09:19:51, MOVE, v:1, k:ed@prin_list1, mode:PICK
2026-05-20 09:19:52, EXEC, v:1, k:ed@prin_list1, mode:LOCK, rate:0
2026-05-20 09:19:52, MOVE, v:1, k:ed@prin_list1, mode:BACK
2026-05-20 09:29:01, MOVE, v:1, k:ed@prin_list1, mode:PICK
2026-05-20 09:29:01, EXEC, v:1, k:ed@prin_list1, mode:LOCK, rate:0
2026-05-20 09:29:13, MOVE, v:1, k:ed@prin_list1, mode:BACK
2026-05-20 09:29:15, MOVE, v:1, k:ed@lista_d3, mode:DOWN
2026-05-20 09:31:38, MOVE, v:1, k:ed@prin_list1, mode:PICK
2026-05-20 09:31:39, EXEC, v:1, k:ed@prin_list1, mode:LOCK, rate:0
2026-05-20 09:31:39, EXEC, v:1, k:ed@prin_list1, mode:LOCK, rate:0
2026-05-20 09:31:40, EXEC, v:1, k:ed@prin_list1, mode:LOCK, rate:0
2026-05-20 09:31:41, MOVE, v:1, k:ed@prin_list1, mode:BACK
2026-05-20 09:31:42, MOVE, v:1, k:ed@prin_list1, mode:PICK
2026-05-20 09:31:43, EXEC, v:1, k:ed@prin_list1, mode:LOCK, rate:0
2026-05-20 09:31:43, EXEC, v:1, k:ed@prin_list1, mode:LOCK, rate:0
2026-05-20 09:31:44, EXEC, v:1, k:ed@prin_list1, mode:LOCK, rate:0
2026-05-20 09:31:45, EXEC, v:1, k:ed@prin_list1, mode:LOCK, rate:0
2026-05-20 09:31:45, MOVE, v:1, k:ed@prin_list1, mode:BACK
2026-05-20 09:32:12, MOVE, v:1, k:ed@lista_d4, mode:PICK
2026-05-20 09:32:12, EXEC, v:1, k:ed@lista_d4, mode:FULL, rate:100
2026-05-20 09:32:13, MOVE, v:1, k:ed@lista_d4, mode:BACK
2026-05-20 09:32:14, MOVE, v:1, k:ed@lista_d2, mode:PICK
2026-05-20 09:32:15, EXEC, v:1, k:ed@lista_d2, mode:FULL, rate:100
2026-05-20 09:32:16, MOVE, v:1, k:ed@lista_d2, mode:BACK
2026-05-20 09:32:17, MOVE, v:1, k:ed@lista_d1, mode:PICK
2026-05-20 09:32:18, EXEC, v:1, k:ed@lista_d1, mode:FULL, rate:100
2026-05-20 09:32:19, MOVE, v:1, k:ed@lista_d1, mode:BACK
2026-05-20 09:32:25, MOVE, v:1, k:ed@ilhas, mode:PICK
2026-05-20 09:32:25, EXEC, v:1, k:ed@ilhas, mode:FULL, rate:100
2026-05-20 09:32:28, EXEC, v:1, k:ed@ilhas, mode:FULL, rate:100
2026-05-20 09:32:28, MOVE, v:1, k:ed@ilhas, mode:BACK
2026-05-20 09:32:36, MOVE, v:1, k:ed@pintando, mode:PICK
2026-05-20 09:32:37, EXEC, v:1, k:ed@pintando, mode:FULL, rate:100
2026-05-20 09:32:38, MOVE, v:1, k:ed@pintando, mode:BACK
2026-05-20 09:32:39, MOVE, v:1, k:ed@mumia, mode:PICK
2026-05-20 09:32:40, EXEC, v:1, k:ed@mumia, mode:FULL, rate:100
2026-05-20 09:32:41, MOVE, v:1, k:ed@mumia, mode:BACK
2026-05-20 09:32:42, MOVE, v:1, k:ed@pintando, mode:PICK
2026-05-20 09:32:42, MOVE, v:1, k:ed@pintando, mode:BACK
2026-05-20 10:24:12, MOVE, v:1, k:ed@dfs_read, mode:DOWN
2026-05-20 10:24:31, MOVE, v:1, k:ed@princesa, mode:PICK
2026-05-20 10:24:32, EXEC, v:1, k:ed@princesa, mode:FULL, rate:100
2026-05-20 10:24:32, EXEC, v:1, k:ed@princesa, mode:FULL, rate:100
2026-05-20 10:24:33, MOVE, v:1, k:ed@princesa, mode:BACK
2026-05-20 10:24:35, MOVE, v:1, k:ed@apagando, mode:PICK
2026-05-20 10:24:36, EXEC, v:1, k:ed@apagando, mode:FULL, rate:100
2026-05-20 10:24:37, MOVE, v:1, k:ed@apagando, mode:BACK
2026-05-20 10:24:38, MOVE, v:1, k:ed@manipulacao, mode:PICK
2026-05-20 10:24:39, EXEC, v:1, k:ed@manipulacao, mode:FULL, rate:100
2026-05-20 10:24:39, MOVE, v:1, k:ed@manipulacao, mode:BACK
2026-05-20 10:24:46, MOVE, v:1, k:ed@triangulo, mode:PICK
2026-05-20 10:24:47, EXEC, v:1, k:ed@triangulo, mode:FULL, rate:100
2026-05-20 10:24:48, MOVE, v:1, k:ed@triangulo, mode:BACK
2026-05-20 10:24:49, MOVE, v:1, k:ed@treinando, mode:PICK
2026-05-20 10:24:50, EXEC, v:1, k:ed@treinando, mode:FULL, rate:100
2026-05-20 10:24:51, MOVE, v:1, k:ed@treinando, mode:BACK
2026-05-20 10:24:52, MOVE, v:1, k:ed@mdc, mode:PICK
2026-05-20 10:24:53, EXEC, v:1, k:ed@mdc, mode:FULL, rate:100
2026-05-20 10:24:54, MOVE, v:1, k:ed@mdc, mode:BACK
2026-05-20 10:24:55, MOVE, v:1, k:ed@queimada, mode:PICK
2026-05-20 10:24:56, EXEC, v:1, k:ed@queimada, mode:FULL, rate:100
2026-05-20 10:24:57, MOVE, v:1, k:ed@queimada, mode:BACK
2026-05-20 10:24:58, MOVE, v:1, k:ed@labirinto, mode:PICK
2026-05-20 10:25:00, EXEC, v:1, k:ed@labirinto, mode:FULL, rate:100
2026-05-20 10:25:01, MOVE, v:1, k:ed@labirinto, mode:BACK
2026-05-20 10:25:02, MOVE, v:1, k:ed@eh_primo, mode:PICK
2026-05-20 10:25:03, EXEC, v:1, k:ed@eh_primo, mode:FULL, rate:100, size:26
2026-05-20 10:25:04, MOVE, v:1, k:ed@eh_primo, mode:BACK
2026-05-20 10:25:05, MOVE, v:1, k:ed@vetequals, mode:PICK
2026-05-20 10:25:06, EXEC, v:1, k:ed@vetequals, mode:FULL, rate:100
2026-05-20 10:25:06, MOVE, v:1, k:ed@vetequals, mode:BACK
2026-05-20 10:25:08, MOVE, v:1, k:ed@fractais_png, mode:PICK
2026-05-20 10:25:09, EXEC, v:1, k:ed@fractais_png, mode:LOCK, rate:100
2026-05-20 10:25:10, MOVE, v:1, k:ed@fractais_png, mode:BACK
2026-05-20 10:25:17, MOVE, v:1, k:ed@lista_d1, mode:PICK
2026-05-20 10:25:18, EXEC, v:1, k:ed@lista_d1, mode:FULL, rate:100
2026-05-20 10:25:19, MOVE, v:1, k:ed@lista_d1, mode:BACK
2026-05-20 10:25:21, MOVE, v:1, k:ed@lista_d2, mode:PICK
2026-05-20 10:25:22, EXEC, v:1, k:ed@lista_d2, mode:FULL, rate:100
2026-05-20 10:25:23, EXEC, v:1, k:ed@lista_d2, mode:FULL, rate:100
2026-05-20 10:25:23, MOVE, v:1, k:ed@lista_d2, mode:BACK
2026-05-20 10:25:24, MOVE, v:1, k:ed@lista_d4, mode:PICK
2026-05-20 10:25:25, EXEC, v:1, k:ed@lista_d4, mode:FULL, rate:100
2026-05-20 10:25:26, MOVE, v:1, k:ed@lista_d4, mode:BACK
2026-05-20 10:25:35, MOVE, v:1, k:ed@editor, mode:PICK
2026-05-20 10:25:36, EXEC, v:1, k:ed@editor, mode:FULL, rate:0, size:5
2026-05-20 10:25:36, MOVE, v:1, k:ed@editor, mode:BACK
2026-05-20 10:25:39, MOVE, v:1, k:ed@editorint, mode:PICK
2026-05-20 10:25:44, EXEC, v:1, k:ed@editorint, mode:LOCK, rate:100
2026-05-20 10:25:48, EXEC, v:1, k:ed@editorint, mode:LOCK, rate:0
2026-05-20 10:26:00, MOVE, v:1, k:ed@editor, mode:PICK
2026-05-20 10:26:01, EXEC, v:1, k:ed@editor, mode:FULL, rate:0
2026-05-20 10:26:03, EXEC, v:1, k:ed@editor, mode:FULL, rate:0
2026-05-20 10:26:03, MOVE, v:1, k:ed@editor, mode:BACK
2026-05-20 10:26:16, MOVE, v:1, k:ed@ilhas, mode:PICK
2026-05-20 10:26:17, EXEC, v:1, k:ed@ilhas, mode:FULL, rate:100
2026-05-20 10:26:19, EXEC, v:1, k:ed@ilhas, mode:FULL, rate:100
2026-05-20 10:26:20, EXEC, v:1, k:ed@ilhas, mode:FULL, rate:100
2026-05-20 10:26:21, MOVE, v:1, k:ed@ilhas, mode:BACK
2026-05-20 10:26:24, MOVE, v:1, k:ed@cercado, mode:PICK
2026-05-20 10:26:24, EXEC, v:1, k:ed@cercado, mode:FULL, rate:33
2026-05-20 10:26:26, EXEC, v:1, k:ed@cercado, mode:FULL, rate:33
2026-05-20 10:26:26, MOVE, v:1, k:ed@cercado, mode:BACK
2026-05-20 10:24:12, MOVE, v:1, k:ed@dfs_read, mode:EDIT
2026-05-20 10:24:12, MOVE, v:1, k:ed@dfs_read, mode:EDIT
2026-05-20 10:25:09, MOVE, v:1, k:ed@fractais_png, mode:EDIT
2026-05-20 10:28:21, MOVE, v:1, k:ed@mumia, mode:PICK
2026-05-20 10:28:22, EXEC, v:1, k:ed@mumia, mode:FULL, rate:100
2026-05-20 10:28:26, MOVE, v:1, k:ed@mumia, mode:BACK
2026-05-20 10:28:33, MOVE, v:1, k:ed@fuga, mode:PICK
2026-05-20 10:28:34, EXEC, v:1, k:ed@fuga, mode:FULL, rate:100
2026-05-20 10:28:34, MOVE, v:1, k:ed@fuga, mode:BACK
2026-05-20 10:28:36, MOVE, v:1, k:ed@pedra, mode:PICK
2026-05-20 10:28:36, EXEC, v:1, k:ed@pedra, mode:FULL, rate:100
2026-05-20 10:28:37, MOVE, v:1, k:ed@pedra, mode:BACK
2026-05-20 10:28:38, MOVE, v:1, k:ed@casais, mode:PICK
2026-05-20 10:28:39, EXEC, v:1, k:ed@casais, mode:FULL, rate:100
2026-05-20 10:28:40, MOVE, v:1, k:ed@casais, mode:BACK
2026-05-20 10:28:41, MOVE, v:1, k:ed@baruel, mode:PICK
2026-05-20 10:28:42, EXEC, v:1, k:ed@baruel, mode:FULL, rate:100
2026-05-20 10:28:42, MOVE, v:1, k:ed@baruel, mode:BACK
2026-05-20 10:28:43, MOVE, v:1, k:ed@gomos, mode:PICK
2026-05-20 10:28:44, EXEC, v:1, k:ed@gomos, mode:FULL, rate:100
2026-05-20 10:28:45, MOVE, v:1, k:ed@gomos, mode:BACK
2026-05-20 10:28:52, MOVE, v:1, k:ed@princesa, mode:PICK
2026-05-20 10:28:53, EXEC, v:1, k:ed@princesa, mode:FULL, rate:100
2026-05-20 10:28:54, MOVE, v:1, k:ed@princesa, mode:BACK
2026-05-20 10:28:55, MOVE, v:1, k:ed@apagando, mode:PICK
2026-05-20 10:28:56, EXEC, v:1, k:ed@apagando, mode:FULL, rate:100
2026-05-20 10:28:56, MOVE, v:1, k:ed@apagando, mode:BACK
2026-05-20 10:28:57, MOVE, v:1, k:ed@manipulacao, mode:PICK
2026-05-20 10:28:58, EXEC, v:1, k:ed@manipulacao, mode:FULL, rate:100
2026-05-20 10:28:58, MOVE, v:1, k:ed@manipulacao, mode:BACK
2026-05-20 10:29:06, MOVE, v:1, k:ed@triangulo, mode:PICK
2026-05-20 10:29:07, EXEC, v:1, k:ed@triangulo, mode:FULL, rate:100
2026-05-20 10:29:08, EXEC, v:1, k:ed@triangulo, mode:FULL, rate:100
2026-05-20 10:29:09, MOVE, v:1, k:ed@triangulo, mode:BACK
2026-05-20 10:29:10, MOVE, v:1, k:ed@treinando, mode:PICK
2026-05-20 10:29:10, EXEC, v:1, k:ed@treinando, mode:FULL, rate:100
2026-05-20 10:29:11, MOVE, v:1, k:ed@treinando, mode:BACK
2026-05-20 10:29:12, MOVE, v:1, k:ed@mdc, mode:PICK
2026-05-20 10:29:13, EXEC, v:1, k:ed@mdc, mode:FULL, rate:100
2026-05-20 10:29:14, MOVE, v:1, k:ed@mdc, mode:BACK
2026-05-20 10:29:15, MOVE, v:1, k:ed@queimada, mode:PICK
2026-05-20 10:29:16, EXEC, v:1, k:ed@queimada, mode:FULL, rate:100
2026-05-20 10:29:18, EXEC, v:1, k:ed@queimada, mode:FULL, rate:100
2026-05-20 10:29:18, MOVE, v:1, k:ed@queimada, mode:BACK
2026-05-20 10:29:19, MOVE, v:1, k:ed@labirinto, mode:PICK
2026-05-20 10:29:20, EXEC, v:1, k:ed@labirinto, mode:FULL, rate:100
2026-05-20 10:29:21, EXEC, v:1, k:ed@labirinto, mode:FULL, rate:100
2026-05-20 10:29:22, MOVE, v:1, k:ed@labirinto, mode:BACK
2026-05-20 10:29:23, MOVE, v:1, k:ed@eh_primo, mode:PICK
2026-05-20 10:29:24, EXEC, v:1, k:ed@eh_primo, mode:FULL, rate:100
2026-05-20 10:29:25, MOVE, v:1, k:ed@eh_primo, mode:BACK
2026-05-20 10:29:26, MOVE, v:1, k:ed@vetequals, mode:PICK
2026-05-20 10:29:27, EXEC, v:1, k:ed@vetequals, mode:FULL, rate:100
2026-05-20 10:29:28, MOVE, v:1, k:ed@vetequals, mode:BACK
2026-05-20 10:29:34, MOVE, v:1, k:ed@distancia, mode:PICK
2026-05-20 10:29:34, EXEC, v:1, k:ed@distancia, mode:FULL, rate:100, size:62
2026-05-20 10:29:35, MOVE, v:1, k:ed@distancia, mode:BACK
2026-05-20 10:29:49, MOVE, v:1, k:eval1@queimada, mode:PICK
2026-05-20 10:29:50, EXEC, v:1, k:eval1@queimada, mode:FULL, rate:14
2026-05-20 10:29:50, MOVE, v:1, k:eval1@queimada, mode:BACK
2026-05-20 10:29:51, MOVE, v:1, k:eval1@triangulo, mode:PICK
2026-05-20 10:29:52, EXEC, v:1, k:eval1@triangulo, mode:FULL, rate:0, size:53
2026-05-20 10:29:53, MOVE, v:1, k:eval1@triangulo, mode:BACK
2026-05-20 10:29:53, MOVE, v:1, k:eval1@baruel, mode:PICK
2026-05-20 10:29:54, EXEC, v:1, k:eval1@baruel, mode:FULL, rate:0
2026-05-20 10:29:55, EXEC, v:1, k:eval1@baruel, mode:FULL, rate:0
2026-05-20 10:29:55, MOVE, v:1, k:eval1@baruel, mode:BACK
2026-05-20 10:30:22, MOVE, v:1, k:ed@cercado, mode:PICK
2026-05-20 10:30:23, EXEC, v:1, k:ed@cercado, mode:FULL, rate:33
2026-05-20 10:30:35, MOVE, v:1, k:ed@cercado, mode:BACK
2026-05-20 10:30:37, MOVE, v:1, k:ed@cercado, mode:PICK
2026-05-20 10:32:23, EXEC, v:1, k:ed@cercado, mode:FULL, rate:100, size:97
2026-05-20 10:32:24, MOVE, v:1, k:ed@cercado, mode:BACK
2026-05-20 10:32:27, MOVE, v:1, k:ed@cercado, mode:PICK
2026-05-20 10:32:28, EXEC, v:1, k:ed@cercado, mode:FULL, rate:100
2026-05-20 10:32:29, EXEC, v:1, k:ed@cercado, mode:FULL, rate:100
2026-05-20 10:32:29, MOVE, v:1, k:ed@cercado, mode:BACK
2026-05-20 10:32:40, MOVE, v:1, k:ed@cercado, mode:PICK
2026-05-20 10:32:42, EXEC, v:1, k:ed@cercado, mode:FULL, rate:100
2026-05-20 10:32:49, SELF, v:1, k:ed@cercado, self:1, rate:100, guided:1
2026-05-20 10:32:50, EXEC, v:1, k:ed@cercado, mode:FULL, rate:100
2026-05-20 10:32:21, MOVE, v:1, k:ed@cercado, mode:EDIT
2026-05-20 10:32:56, SELF, v:1, k:ed@cercado, self:1, rate:100, guided:1
2026-05-20 10:32:57, MOVE, v:1, k:ed@cercado, mode:BACK
2026-05-20 10:33:03, MOVE, v:1, k:ed@cercado, mode:PICK
2026-05-20 10:33:03, MOVE, v:1, k:ed@cercado, mode:BACK
2026-05-20 10:33:10, MOVE, v:1, k:ed@cercado, mode:PICK
2026-05-20 10:33:11, EXEC, v:1, k:ed@cercado, mode:FULL, rate:100
2026-05-20 10:33:11, EXEC, v:1, k:ed@cercado, mode:FULL, rate:100
2026-05-20 10:33:12, EXEC, v:1, k:ed@cercado, mode:FULL, rate:100
2026-05-20 10:33:12, EXEC, v:1, k:ed@cercado, mode:FULL, rate:100
2026-05-20 10:33:12, MOVE, v:1, k:ed@cercado, mode:BACK
2026-05-20 10:34:09, SELF, v:1, k:ed@fuga, self:1, rate:100
2026-05-20 10:34:18, SELF, v:1, k:ed@pedra, self:1, rate:100
2026-05-20 10:34:18, MOVE, v:1, k:ed@pedra, mode:PICK
2026-05-20 10:34:20, EXEC, v:1, k:ed@pedra, mode:FULL, rate:100
2026-05-20 10:34:22, EXEC, v:1, k:ed@pedra, mode:FULL, rate:100
2026-05-20 10:34:22, MOVE, v:1, k:ed@pedra, mode:BACK
2026-05-20 10:34:32, SELF, v:1, k:ed@casais, self:1, rate:100
2026-05-20 10:34:50, SELF, v:1, k:ed@baruel, self:1, rate:100
2026-05-20 10:35:24, SELF, v:1, k:ed@baruel, self:1, rate:100, code:1
2026-05-20 10:35:24, MOVE, v:1, k:ed@baruel, mode:PICK
2026-05-20 10:35:25, MOVE, v:1, k:ed@baruel, mode:BACK
2026-05-20 10:35:27, MOVE, v:1, k:ed@casais, mode:PICK
2026-05-20 10:35:32, SELF, v:1, k:ed@casais, self:1, rate:100, code:1
2026-05-20 10:32:21, MOVE, v:1, k:ed@cercado, mode:EDIT
2026-05-20 10:35:33, EXEC, v:1, k:ed@casais, mode:FULL, rate:100
2026-05-20 10:35:34, MOVE, v:1, k:ed@casais, mode:BACK
2026-05-20 10:35:38, MOVE, v:1, k:ed@fuga, mode:PICK
2026-05-20 10:35:39, MOVE, v:1, k:ed@fuga, mode:BACK
2026-05-20 10:35:46, SELF, v:1, k:ed@fuga, self:1, rate:100, code:1
2026-05-20 10:35:52, SELF, v:1, k:ed@pedra, self:1, rate:100, code:1
2026-05-20 10:35:52, MOVE, v:1, k:ed@pedra, mode:PICK
2026-05-20 10:35:53, EXEC, v:1, k:ed@pedra, mode:FULL, rate:100
2026-05-20 10:35:54, MOVE, v:1, k:ed@pedra, mode:BACK
2026-05-20 10:36:09, SELF, v:1, k:ed@princesa, self:1, rate:100, concept:1
2026-05-20 10:36:09, MOVE, v:1, k:ed@princesa, mode:PICK
2026-05-20 10:36:11, EXEC, v:1, k:ed@princesa, mode:FULL, rate:100
2026-05-20 10:36:12, EXEC, v:1, k:ed@princesa, mode:FULL, rate:100
2026-05-20 10:36:13, MOVE, v:1, k:ed@princesa, mode:BACK
2026-05-20 10:36:20, SELF, v:1, k:ed@apagando, self:1, rate:100, friend:nao
2026-05-20 10:36:20, MOVE, v:1, k:ed@apagando, mode:PICK
2026-05-20 10:36:21, EXEC, v:1, k:ed@apagando, mode:FULL, rate:100
2026-05-20 10:36:22, MOVE, v:1, k:ed@apagando, mode:BACK
2026-05-20 10:36:24, MOVE, v:1, k:ed@manipulacao, mode:PICK
2026-05-20 10:36:26, EXEC, v:1, k:ed@manipulacao, mode:FULL, rate:100
2026-05-20 10:36:30, SELF, v:1, k:ed@manipulacao, self:1, rate:100
2026-05-20 10:36:30, EXEC, v:1, k:ed@manipulacao, mode:FULL, rate:100
2026-05-20 10:36:31, MOVE, v:1, k:ed@manipulacao, mode:BACK
2026-05-20 10:36:43, SELF, v:1, k:ed@manipulacao, self:1, rate:100, code:1
2026-05-20 10:36:45, MOVE, v:1, k:ed@apagando, mode:PICK
2026-05-20 10:36:49, SELF, v:1, k:ed@apagando, self:1, rate:100, friend:nao, code:1
2026-05-20 10:36:50, EXEC, v:1, k:ed@apagando, mode:FULL, rate:100
2026-05-20 10:36:51, MOVE, v:1, k:ed@apagando, mode:BACK
2026-05-20 10:36:52, MOVE, v:1, k:ed@princesa, mode:PICK
2026-05-20 10:36:56, SELF, v:1, k:ed@princesa, self:1, rate:100, concept:1, code:1
2026-05-20 10:36:57, EXEC, v:1, k:ed@princesa, mode:FULL, rate:100
2026-05-20 10:36:58, MOVE, v:1, k:ed@princesa, mode:BACK
2026-05-20 10:38:35, MOVE, v:1, k:ed@cercado, mode:PICK
2026-05-20 10:38:36, EXEC, v:1, k:ed@cercado, mode:FULL, rate:100
2026-05-20 10:38:42, MOVE, v:1, k:ed@cercado, mode:BACK
2026-05-20 10:38:43, MOVE, v:1, k:ed@pintura, mode:PICK
2026-05-20 10:38:44, EXEC, v:1, k:ed@pintura, mode:FULL, fail:COMP
2026-05-20 10:38:45, EXEC, v:1, k:ed@pintura, mode:FULL, fail:COMP
2026-05-20 10:38:46, MOVE, v:1, k:ed@pintura, mode:BACK
2026-05-20 10:38:47, MOVE, v:1, k:ed@cercado, mode:PICK
2026-05-20 10:38:49, EXEC, v:1, k:ed@cercado, mode:FULL, rate:100
2026-05-20 10:38:51, MOVE, v:1, k:ed@cercado, mode:BACK
2026-05-20 10:38:52, MOVE, v:1, k:ed@cercado, mode:PICK
2026-05-20 10:40:53, EXEC, v:1, k:ed@cercado, mode:FULL, rate:100
2026-05-20 10:40:54, MOVE, v:1, k:ed@cercado, mode:BACK
2026-05-20 10:41:16, MOVE, v:1, k:ed@distancia, mode:PICK
2026-05-20 10:41:18, EXEC, v:1, k:ed@distancia, mode:FULL, rate:100
2026-05-20 10:41:19, MOVE, v:1, k:ed@distancia, mode:BACK
2026-05-20 10:41:28, SELF, v:1, k:ed@distancia, self:1, rate:100, guided:1
2026-05-20 10:41:28, MOVE, v:1, k:ed@distancia, mode:PICK
2026-05-20 10:41:29, EXEC, v:1, k:ed@distancia, mode:FULL, rate:100
2026-05-20 10:41:30, MOVE, v:1, k:ed@distancia, mode:BACK
2026-05-20 10:41:34, MOVE, v:1, k:ed@distancia, mode:PICK
2026-05-20 10:41:35, EXEC, v:1, k:ed@distancia, mode:FULL, rate:100
2026-05-20 10:41:36, MOVE, v:1, k:ed@distancia, mode:BACK
2026-05-20 10:41:54, SELF, v:1, k:ed@manipulacao, self:1, rate:100, concept:1
2026-05-20 10:41:54, MOVE, v:1, k:ed@manipulacao, mode:PICK
2026-05-20 10:41:55, EXEC, v:1, k:ed@manipulacao, mode:FULL, rate:100
2026-05-20 10:41:57, MOVE, v:1, k:ed@manipulacao, mode:BACK
2026-05-20 10:42:00, MOVE, v:1, k:ed@apagando, mode:PICK
2026-05-20 10:42:01, EXEC, v:1, k:ed@apagando, mode:FULL, rate:100
2026-05-20 10:42:05, MOVE, v:1, k:ed@apagando, mode:BACK
2026-05-20 10:42:08, MOVE, v:1, k:ed@apagando, mode:PICK
2026-05-20 10:42:10, MOVE, v:1, k:ed@apagando, mode:BACK
2026-05-20 10:42:11, MOVE, v:1, k:ed@princesa, mode:PICK
2026-05-20 10:42:12, EXEC, v:1, k:ed@princesa, mode:FULL, rate:100
2026-05-20 10:42:21, SELF, v:1, k:ed@princesa, self:1, rate:100, guided:1, concept:1
2026-05-20 10:42:22, EXEC, v:1, k:ed@princesa, mode:FULL, rate:100
2026-05-20 10:42:25, EXEC, v:1, k:ed@princesa, mode:FULL, rate:100
2026-05-20 10:42:27, EXEC, v:1, k:ed@princesa, mode:FULL, rate:100
2026-05-20 10:42:29, MOVE, v:1, k:ed@princesa, mode:BACK
2026-05-20 10:42:32, MOVE, v:1, k:ed@apagando, mode:PICK
2026-05-20 10:42:34, EXEC, v:1, k:ed@apagando, mode:FULL, rate:100
2026-05-20 10:42:49, SELF, v:1, k:ed@apagando, self:1, rate:100, friend:nao, code:1
2026-05-20 10:42:50, EXEC, v:1, k:ed@apagando, mode:FULL, rate:100
2026-05-20 10:42:51, MOVE, v:1, k:ed@apagando, mode:BACK
2026-05-20 10:42:58, MOVE, v:1, k:ed@fuga, mode:PICK
2026-05-20 10:43:06, SELF, v:1, k:ed@fuga, self:1, rate:100, problem:1
2026-05-20 10:43:07, EXEC, v:1, k:ed@fuga, mode:FULL, rate:100
2026-05-20 10:43:08, MOVE, v:1, k:ed@fuga, mode:BACK
2026-05-20 10:43:10, MOVE, v:1, k:ed@pedra, mode:PICK
2026-05-20 10:43:11, MOVE, v:1, k:ed@pedra, mode:BACK
2026-05-20 10:43:23, SELF, v:1, k:ed@pedra, self:1, rate:100, problem:1, debug:1
2026-05-20 10:43:23, MOVE, v:1, k:ed@pedra, mode:PICK
2026-05-20 10:43:26, EXEC, v:1, k:ed@pedra, mode:FULL, rate:100
2026-05-20 10:43:26, MOVE, v:1, k:ed@pedra, mode:BACK
2026-05-20 10:43:30, MOVE, v:1, k:ed@casais, mode:PICK
2026-05-20 10:43:31, EXEC, v:1, k:ed@casais, mode:FULL, rate:100
2026-05-20 10:43:37, SELF, v:1, k:ed@casais, self:1, rate:100
2026-05-20 10:43:37, EXEC, v:1, k:ed@casais, mode:FULL, rate:100
2026-05-20 10:43:38, MOVE, v:1, k:ed@casais, mode:BACK
2026-05-20 10:43:52, SELF, v:1, k:ed@casais, self:1, rate:100, guided:1
2026-05-20 10:43:52, MOVE, v:1, k:ed@casais, mode:PICK
2026-05-20 10:43:53, EXEC, v:1, k:ed@casais, mode:FULL, rate:100
2026-05-20 10:43:53, MOVE, v:1, k:ed@casais, mode:BACK
2026-05-20 10:44:44, SELF, v:1, k:ed@vetequals, self:1, rate:100, concept:1
2026-05-20 10:44:44, MOVE, v:1, k:ed@vetequals, mode:PICK
2026-05-20 10:44:45, EXEC, v:1, k:ed@vetequals, mode:FULL, rate:100
2026-05-20 10:44:45, MOVE, v:1, k:ed@vetequals, mode:BACK
2026-05-20 10:46:53, MOVE, v:1, k:ed@cercado, mode:PICK
2026-05-20 10:46:54, EXEC, v:1, k:ed@cercado, mode:FULL, rate:100
2026-05-20 10:46:56, MOVE, v:1, k:ed@cercado, mode:BACK
2026-05-20 10:47:28, MOVE, v:1, k:ed@pintura, mode:PICK
2026-05-20 10:47:30, EXEC, v:1, k:ed@pintura, mode:FULL, fail:COMP
2026-05-20 10:47:32, MOVE, v:1, k:ed@pintura, mode:BACK
2026-05-20 10:47:33, MOVE, v:1, k:ed@pintura, mode:PICK
2026-05-20 10:50:46, EXEC, v:1, k:ed@pintura, mode:FULL, fail:COMP
2026-05-20 10:50:48, MOVE, v:1, k:ed@pintura, mode:BACK
2026-05-20 10:50:50, MOVE, v:1, k:ed@pintura, mode:PICK
2026-05-20 10:50:51, MOVE, v:1, k:ed@pintura, mode:BACK
2026-05-20 10:51:07, MOVE, v:1, k:ed@pintura, mode:PICK
2026-05-20 10:53:14, EXEC, v:1, k:ed@pintura, mode:FULL, fail:COMP
2026-05-20 10:53:17, MOVE, v:1, k:ed@pintura, mode:BACK
2026-05-20 10:53:37, MOVE, v:1, k:ed@subset_sum, mode:DOWN
2026-05-20 10:55:00, MOVE, v:1, k:ed@wordsearch, mode:DOWN
2026-05-20 10:55:01, MOVE, v:1, k:ed@wordsearch, mode:PICK
2026-05-20 10:55:02, EXEC, v:1, k:ed@wordsearch, mode:FULL, rate:25, size:62
2026-05-20 10:53:37, MOVE, v:1, k:ed@subset_sum, mode:EDIT
2026-05-20 10:53:37, MOVE, v:1, k:ed@subset_sum, mode:EDIT
2026-05-20 10:53:37, MOVE, v:1, k:ed@subset_sum, mode:EDIT
2026-05-20 10:53:49, MOVE, v:1, k:ed@pintura, mode:EDIT
2026-05-20 10:55:00, MOVE, v:1, k:ed@wordsearch, mode:EDIT
2026-05-20 10:55:00, MOVE, v:1, k:ed@wordsearch, mode:EDIT
2026-05-20 10:55:00, MOVE, v:1, k:ed@wordsearch, mode:EDIT
2026-05-20 10:55:00, MOVE, v:1, k:ed@wordsearch, mode:EDIT
2026-05-20 10:56:41, MOVE, v:1, k:ed@wordsearch, mode:BACK
2026-05-20 10:56:43, MOVE, v:1, k:ed@subset_sum, mode:PICK
2026-05-20 10:56:45, EXEC, v:1, k:ed@subset_sum, mode:FULL, rate:0, size:5
2026-05-20 10:56:49, MOVE, v:1, k:ed@subset_sum, mode:BACK
2026-05-20 10:56:51, MOVE, v:1, k:ed@subset_sum, mode:PICK
2026-05-20 10:53:37, MOVE, v:1, k:ed@subset_sum, mode:EDIT
2026-05-20 10:53:37, MOVE, v:1, k:ed@subset_sum, mode:EDIT
2026-05-20 10:53:37, MOVE, v:1, k:ed@subset_sum, mode:EDIT
2026-05-20 10:53:49, MOVE, v:1, k:ed@pintura, mode:EDIT
2026-05-20 10:55:00, MOVE, v:1, k:ed@wordsearch, mode:EDIT
2026-05-20 10:55:00, MOVE, v:1, k:ed@wordsearch, mode:EDIT
2026-05-20 10:55:00, MOVE, v:1, k:ed@wordsearch, mode:EDIT
2026-05-20 10:55:00, MOVE, v:1, k:ed@wordsearch, mode:EDIT
2026-05-20 10:53:37, MOVE, v:1, k:ed@subset_sum, mode:EDIT
2026-05-20 10:53:37, MOVE, v:1, k:ed@subset_sum, mode:EDIT
2026-05-20 10:53:37, MOVE, v:1, k:ed@subset_sum, mode:EDIT
2026-05-20 10:53:49, MOVE, v:1, k:ed@pintura, mode:EDIT
2026-05-20 10:55:00, MOVE, v:1, k:ed@wordsearch, mode:EDIT
2026-05-20 10:55:00, MOVE, v:1, k:ed@wordsearch, mode:EDIT
2026-05-20 10:55:00, MOVE, v:1, k:ed@wordsearch, mode:EDIT
2026-05-20 11:01:37, EXEC, v:1, k:ed@subset_sum, mode:FULL, rate:0, size:38
2026-05-20 11:01:51, EXEC, v:1, k:ed@subset_sum, mode:FULL, rate:100, size:30
2026-05-20 11:01:53, EXEC, v:1, k:ed@subset_sum, mode:FULL, rate:100
2026-05-20 11:01:57, EXEC, v:1, k:ed@subset_sum, mode:FULL, rate:100
2026-05-20 11:01:58, EXEC, v:1, k:ed@subset_sum, mode:FULL, rate:100
2026-05-20 11:02:04, EXEC, v:1, k:ed@subset_sum, mode:FULL, rate:100
2026-05-20 11:02:06, EXEC, v:1, k:ed@subset_sum, mode:FULL, rate:100
2026-05-20 11:02:09, EXEC, v:1, k:ed@subset_sum, mode:FULL, size:30, fail:COMP
2026-05-20 11:02:15, EXEC, v:1, k:ed@subset_sum, mode:FULL, size:30, fail:COMP
2026-05-20 11:02:14, MOVE, v:1, k:ed@subset_sum, mode:EDIT
2026-05-20 11:02:14, MOVE, v:1, k:ed@subset_sum, mode:EDIT
2026-05-20 11:04:52, EXEC, v:1, k:ed@subset_sum, mode:FULL, size:31, fail:COMP
2026-05-20 11:04:52, EXEC, v:1, k:ed@subset_sum, mode:FULL, size:31, fail:COMP
2026-05-20 11:05:21, EXEC, v:1, k:ed@subset_sum, mode:FULL, rate:100, size:30
2026-05-20 11:05:23, EXEC, v:1, k:ed@subset_sum, mode:FULL, rate:100
2026-05-20 11:05:24, MOVE, v:1, k:ed@subset_sum, mode:BACK
2026-05-20 11:05:19, MOVE, v:1, k:ed@subset_sum, mode:EDIT
2026-05-20 11:05:35, MOVE, v:1, k:ed@subset_sum, mode:PICK
2026-05-20 11:05:36, EXEC, v:1, k:ed@subset_sum, mode:FULL, rate:100
2026-05-20 11:05:37, EXEC, v:1, k:ed@subset_sum, mode:FULL, rate:100
2026-05-20 11:05:44, EXEC, v:1, k:ed@subset_sum, mode:FULL, size:30, fail:COMP
2026-05-20 11:05:45, EXEC, v:1, k:ed@subset_sum, mode:FULL, fail:COMP
2026-05-20 11:05:45, EXEC, v:1, k:ed@subset_sum, mode:FULL, fail:COMP
2026-05-20 11:05:45, EXEC, v:1, k:ed@subset_sum, mode:FULL, fail:COMP
2026-05-20 11:05:46, EXEC, v:1, k:ed@subset_sum, mode:FULL, fail:COMP
2026-05-20 11:06:07, MOVE, v:1, k:ed@subset_sum, mode:BACK
2026-05-20 11:06:09, MOVE, v:1, k:ed@subset_sum, mode:PICK
2026-05-20 11:07:41, EXEC, v:1, k:ed@subset_sum, mode:FULL, fail:COMP
2026-05-20 11:07:41, EXEC, v:1, k:ed@subset_sum, mode:FULL, fail:COMP
2026-05-20 11:07:41, EXEC, v:1, k:ed@subset_sum, mode:FULL, fail:COMP
2026-05-20 11:05:43, MOVE, v:1, k:ed@subset_sum, mode:EDIT
2026-05-20 11:05:43, MOVE, v:1, k:ed@subset_sum, mode:EDIT
2026-05-20 11:05:43, MOVE, v:1, k:ed@subset_sum, mode:EDIT
2026-05-20 11:12:26, MOVE, v:1, k:ed@subset_sum, mode:BACK
2026-05-20 11:12:31, MOVE, v:1, k:ed@subset_sum, mode:PICK
2026-05-20 11:12:32, EXEC, v:1, k:ed@subset_sum, mode:FULL, fail:COMP
2026-05-20 11:12:33, MOVE, v:1, k:ed@subset_sum, mode:BACK
2026-05-20 11:12:42, MOVE, v:1, k:ed@subset_sum, mode:PICK
2026-05-20 11:15:01, MOVE, v:1, k:ed@subset_sum, mode:BACK
2026-05-20 11:15:10, MOVE, v:1, k:ed@subset_sum, mode:PICK
2026-05-20 11:15:11, EXEC, v:1, k:ed@subset_sum, mode:FULL, fail:COMP
2026-05-20 11:15:12, MOVE, v:1, k:ed@subset_sum, mode:BACK
2026-05-20 11:17:48, SELF, v:1, k:ed@fractais_png, self:1, rate:100, guided:1, concept:1
2026-05-20 11:17:49, MOVE, v:1, k:ed@fractais_png, mode:PICK
2026-05-20 11:17:49, EXEC, v:1, k:ed@fractais_png, mode:LOCK, rate:100
2026-05-20 11:17:50, EXEC, v:1, k:ed@fractais_png, mode:LOCK, rate:100
2026-05-20 11:17:51, MOVE, v:1, k:ed@fractais_png, mode:BACK
2026-05-20 11:17:50, MOVE, v:1, k:ed@fractais_png, mode:EDIT
2026-05-20 11:18:14, MOVE, v:1, k:ed@cercado, mode:PICK
2026-05-20 11:18:15, EXEC, v:1, k:ed@cercado, mode:FULL, rate:100
2026-05-20 11:18:16, EXEC, v:1, k:ed@cercado, mode:FULL, rate:100
2026-05-20 11:18:17, MOVE, v:1, k:ed@cercado, mode:BACK
2026-05-20 11:18:28, SELF, v:1, k:ed@cercado, self:1, rate:100, study:30, guided:1
2026-05-20 11:18:29, MOVE, v:1, k:ed@cercado, mode:PICK
2026-05-20 11:18:29, EXEC, v:1, k:ed@cercado, mode:FULL, rate:100
2026-05-20 11:18:30, MOVE, v:1, k:ed@cercado, mode:BACK
2026-05-20 11:18:40, MOVE, v:1, k:ed@subset_sum, mode:PICK
2026-05-20 11:18:41, EXEC, v:1, k:ed@subset_sum, mode:FULL, fail:COMP
2026-05-20 11:18:42, MOVE, v:1, k:ed@subset_sum, mode:BACK
2026-05-20 11:18:52, SELF, v:1, k:ed@subset_sum, self:1, study:20, concept:1
2026-05-20 11:18:52, MOVE, v:1, k:ed@subset_sum, mode:PICK
2026-05-20 11:18:53, EXEC, v:1, k:ed@subset_sum, mode:FULL, fail:COMP
2026-05-20 11:18:54, MOVE, v:1, k:ed@subset_sum, mode:BACK
2026-05-20 11:19:07, MOVE, v:1, k:ed@subset_sum, mode:PICK
2026-05-20 11:19:08, EXEC, v:1, k:ed@subset_sum, mode:FULL, rate:100, size:30
2026-05-20 11:19:12, SELF, v:1, k:ed@subset_sum, self:1, rate:100, study:20, concept:1
2026-05-20 11:19:13, EXEC, v:1, k:ed@subset_sum, mode:FULL, rate:100
2026-05-20 11:19:14, MOVE, v:1, k:ed@subset_sum, mode:BACK
2026-05-20 11:19:39, MOVE, v:1, k:ed@wordsearch, mode:PICK
2026-05-20 11:19:40, EXEC, v:1, k:ed@wordsearch, mode:FULL, rate:25
2026-05-20 11:19:54, MOVE, v:1, k:ed@wordsearch, mode:BACK
2026-05-20 11:17:50, MOVE, v:1, k:ed@fractais_png, mode:EDIT
2026-05-20 11:19:04, MOVE, v:1, k:ed@subset_sum, mode:EDIT
2026-05-20 11:20:54, MOVE, v:1, k:ed@subset_sum, mode:PICK
2026-05-20 11:20:55, EXEC, v:1, k:ed@subset_sum, mode:FULL, rate:100
2026-05-20 11:20:56, MOVE, v:1, k:ed@subset_sum, mode:BACK
2026-05-20 11:20:57, MOVE, v:1, k:ed@distancia, mode:PICK
2026-05-20 11:20:58, EXEC, v:1, k:ed@distancia, mode:FULL, rate:100
2026-05-20 11:20:58, MOVE, v:1, k:ed@distancia, mode:BACK
2026-05-20 11:21:06, MOVE, v:1, k:ed@wordsearch, mode:PICK
2026-05-20 11:21:09, EXEC, v:1, k:ed@wordsearch, mode:FULL, rate:25
2026-05-20 11:21:14, EXEC, v:1, k:ed@wordsearch, mode:FULL, rate:25
2026-05-20 11:22:01, MOVE, v:1, k:ed@wordsearch, mode:BACK
2026-05-20 11:22:05, MOVE, v:1, k:ed@wordsearch, mode:PICK
2026-05-20 11:22:06, EXEC, v:1, k:ed@wordsearch, mode:FULL, rate:25
2026-05-20 11:22:07, EXEC, v:1, k:ed@wordsearch, mode:FULL, rate:25
2026-05-20 11:22:10, EXEC, v:1, k:ed@wordsearch, mode:FULL, rate:25
2026-05-20 11:22:10, MOVE, v:1, k:ed@wordsearch, mode:BACK
2026-05-20 11:19:04, MOVE, v:1, k:ed@subset_sum, mode:EDIT
2026-05-20 11:24:38, MOVE, v:1, k:ed@wordsearch, mode:PICK
2026-05-20 11:27:25, EXEC, v:1, k:ed@wordsearch, mode:FULL, rate:25
2026-05-20 11:28:18, EXEC, v:1, k:ed@wordsearch, mode:FULL, rate:25
2026-05-20 11:28:19, EXEC, v:1, k:ed@wordsearch, mode:FULL, rate:25
2026-05-20 11:31:31, EXEC, v:1, k:ed@wordsearch, mode:FULL, rate:25
2026-05-20 11:31:34, MOVE, v:1, k:ed@wordsearch, mode:BACK
2026-05-20 11:31:54, MOVE, v:1, k:ed@wordsearch, mode:PICK
2026-05-20 11:31:55, EXEC, v:1, k:ed@wordsearch, mode:FULL, rate:25
2026-05-20 11:35:20, MOVE, v:1, k:ed@wordsearch, mode:EDIT
2026-05-20 11:36:06, EXEC, v:1, k:ed@wordsearch, mode:FULL, rate:100, size:104
2026-05-20 11:36:07, EXEC, v:1, k:ed@wordsearch, mode:FULL, rate:100
2026-05-20 11:36:07, EXEC, v:1, k:ed@wordsearch, mode:FULL, rate:100
2026-05-20 11:36:08, EXEC, v:1, k:ed@wordsearch, mode:FULL, rate:100
2026-05-20 11:36:08, MOVE, v:1, k:ed@wordsearch, mode:BACK
2026-05-20 11:36:34, MOVE, v:1, k:ed@wordsearch, mode:PICK
2026-05-20 11:36:35, EXEC, v:1, k:ed@wordsearch, mode:FULL, rate:100
2026-05-20 11:36:36, EXEC, v:1, k:ed@wordsearch, mode:FULL, rate:100
2026-05-20 11:36:36, EXEC, v:1, k:ed@wordsearch, mode:FULL, rate:100
2026-05-20 11:36:37, EXEC, v:1, k:ed@wordsearch, mode:FULL, rate:100
2026-05-20 11:36:37, EXEC, v:1, k:ed@wordsearch, mode:FULL, rate:100
2026-05-20 11:36:38, EXEC, v:1, k:ed@wordsearch, mode:FULL, rate:100
2026-05-20 11:36:38, EXEC, v:1, k:ed@wordsearch, mode:FULL, rate:100
2026-05-20 11:36:39, EXEC, v:1, k:ed@wordsearch, mode:FULL, rate:100
2026-05-20 11:36:44, EXEC, v:1, k:ed@wordsearch, mode:FULL, rate:25, size:62
2026-05-20 11:36:49, MOVE, v:1, k:ed@wordsearch, mode:BACK
2026-05-20 11:36:52, MOVE, v:1, k:ed@wordsearch, mode:PICK
2026-05-20 11:36:43, MOVE, v:1, k:ed@wordsearch, mode:EDIT
2026-05-20 11:36:42, MOVE, v:1, k:ed@wordsearch, mode:EDIT
2026-05-20 11:40:01, EXEC, v:1, k:ed@wordsearch, mode:FULL, rate:25
2026-05-20 11:40:02, EXEC, v:1, k:ed@wordsearch, mode:FULL, rate:25
2026-05-20 11:40:02, MOVE, v:1, k:ed@wordsearch, mode:BACK
2026-05-20 11:40:11, MOVE, v:1, k:ed@wordsearch, mode:PICK
2026-05-20 11:40:12, EXEC, v:1, k:ed@wordsearch, mode:FULL, rate:25
2026-05-20 11:36:43, MOVE, v:1, k:ed@wordsearch, mode:EDIT
2026-05-20 11:36:42, MOVE, v:1, k:ed@wordsearch, mode:EDIT
2026-05-20 14:06:06, MOVE, v:1, k:ed@wordsearch, mode:BACK
2026-05-20 14:06:19, MOVE, v:1, k:ed@wordsearch, mode:PICK
2026-05-20 14:06:20, EXEC, v:1, k:ed@wordsearch, mode:FULL, rate:25
2026-05-20 14:06:21, EXEC, v:1, k:ed@wordsearch, mode:FULL, rate:25
2026-05-20 14:06:25, MOVE, v:1, k:ed@wordsearch, mode:BACK
2026-05-20 14:06:40, MOVE, v:1, k:ed@pintando, mode:PICK
2026-05-20 14:06:41, EXEC, v:1, k:ed@pintando, mode:FULL, rate:100
2026-05-20 14:06:42, MOVE, v:1, k:ed@pintando, mode:BACK
2026-05-20 14:08:36, MOVE, v:1, k:ed@wordsearch, mode:PICK
2026-05-20 14:08:38, EXEC, v:1, k:ed@wordsearch, mode:FULL, rate:25
2026-05-20 15:52:49, MOVE, v:1, k:ed@wordsearch, mode:BACK
2026-05-20 15:53:08, MOVE, v:1, k:ed@wordsearch, mode:PICK
2026-05-20 15:53:09, EXEC, v:1, k:ed@wordsearch, mode:FULL, rate:25
2026-05-20 15:53:09, EXEC, v:1, k:ed@wordsearch, mode:FULL, rate:25
