2026-05-11 09:16:30, MOVE, v:1, k:ed@editorint, mode:PICK
2026-05-11 09:16:37, EXEC, v:1, k:ed@editorint, mode:LOCK, rate:0, size:346
2026-05-11 09:16:39, EXEC, v:1, k:ed@editorint, mode:LOCK, rate:0
2026-05-11 09:16:46, MOVE, v:1, k:ed@editorint, mode:BACK
2026-05-11 09:17:55, SELF, v:1, k:ed@editorint, self:1, guided:1, concept:1
2026-05-11 19:55:10, MOVE, v:1, k:ed@prin_list1, mode:DOWN
2026-05-11 19:55:13, MOVE, v:1, k:ed@prin_list1, mode:PICK
2026-05-11 19:57:38, EXEC, v:1, k:ed@prin_list1, mode:FULL, size:172, fail:COMP
2026-05-11 19:57:39, EXEC, v:1, k:ed@prin_list1, mode:FULL, fail:COMP
2026-05-11 19:57:40, EXEC, v:1, k:ed@prin_list1, mode:FULL, fail:COMP
2026-05-11 19:57:46, MOVE, v:1, k:ed@prin_list1, mode:BACK
2026-05-11 20:01:29, MOVE, v:1, k:ed@editorint, mode:PICK
2026-05-11 20:01:33, EXEC, v:1, k:ed@editorint, mode:LOCK, rate:0
2026-05-11 20:01:36, EXEC, v:1, k:ed@editorint, mode:LOCK, rate:0
2026-05-11 20:01:36, MOVE, v:1, k:ed@editorint, mode:BACK
2026-05-11 20:18:01, MOVE, v:1, k:ed@prin_list1, mode:PICK
2026-05-11 20:18:02, EXEC, v:1, k:ed@prin_list1, mode:FULL, fail:COMP
2026-05-11 20:18:02, EXEC, v:1, k:ed@prin_list1, mode:FULL, fail:COMP
2026-05-11 20:18:02, EXEC, v:1, k:ed@prin_list1, mode:FULL, fail:COMP
2026-05-11 20:26:26, MOVE, v:1, k:ed@prin_list1, mode:BACK
2026-05-11 20:27:15, MOVE, v:1, k:ed@prin_list1, mode:PICK
2026-05-11 20:27:15, EXEC, v:1, k:ed@prin_list1, mode:FULL, fail:COMP
2026-05-11 20:27:16, EXEC, v:1, k:ed@prin_list1, mode:FULL, fail:COMP
2026-05-11 20:27:16, EXEC, v:1, k:ed@prin_list1, mode:FULL, fail:COMP
2026-05-11 20:27:17, EXEC, v:1, k:ed@prin_list1, mode:FULL, fail:COMP
2026-05-11 20:27:17, EXEC, v:1, k:ed@prin_list1, mode:FULL, fail:COMP
2026-05-11 20:30:44, EXEC, v:1, k:ed@prin_list1, mode:LOCK, rate:0, size:168
2026-05-11 20:30:45, EXEC, v:1, k:ed@prin_list1, mode:LOCK, rate:0
2026-05-11 20:30:45, EXEC, v:1, k:ed@prin_list1, mode:LOCK, rate:0
2026-05-11 20:30:46, EXEC, v:1, k:ed@prin_list1, mode:LOCK, rate:0
2026-05-11 20:30:47, EXEC, v:1, k:ed@prin_list1, mode:LOCK, rate:0
2026-05-11 20:30:47, EXEC, v:1, k:ed@prin_list1, mode:LOCK, rate:0
2026-05-11 20:30:47, EXEC, v:1, k:ed@prin_list1, mode:LOCK, rate:0
2026-05-11 20:30:48, EXEC, v:1, k:ed@prin_list1, mode:LOCK, rate:0
2026-05-11 20:30:48, EXEC, v:1, k:ed@prin_list1, mode:LOCK, rate:0
2026-05-11 20:30:49, EXEC, v:1, k:ed@prin_list1, mode:LOCK, rate:0
2026-05-11 20:30:49, EXEC, v:1, k:ed@prin_list1, mode:LOCK, rate:0
2026-05-11 20:30:49, EXEC, v:1, k:ed@prin_list1, mode:LOCK, rate:0
2026-05-11 20:30:50, EXEC, v:1, k:ed@prin_list1, mode:LOCK, rate:0
2026-05-11 20:30:50, EXEC, v:1, k:ed@prin_list1, mode:LOCK, rate:0
2026-05-11 20:30:51, EXEC, v:1, k:ed@prin_list1, mode:LOCK, rate:0
2026-05-11 20:30:51, EXEC, v:1, k:ed@prin_list1, mode:LOCK, rate:0
2026-05-11 20:30:51, EXEC, v:1, k:ed@prin_list1, mode:LOCK, rate:0
