2026-05-04 07:55:39, MOVE, v:1, k:ed@lista_d2, mode:PICK
2026-05-04 07:55:40, EXEC, v:1, k:ed@lista_d2, mode:FULL, rate:0, size:93
2026-05-04 07:55:56, MOVE, v:1, k:ed@lista_d2, mode:BACK
2026-05-04 07:56:05, MOVE, v:1, k:ed@lista_d2, mode:PICK
2026-05-04 07:56:06, EXEC, v:1, k:ed@lista_d2, mode:FULL, rate:0
2026-05-04 07:59:14, EXEC, v:1, k:ed@lista_d2, mode:FULL, rate:0, size:125
2026-05-04 07:59:10, MOVE, v:1, k:ed@lista_d2, mode:EDIT
2026-05-04 08:02:39, EXEC, v:1, k:ed@lista_d2, mode:FULL, rate:0, size:143
2026-05-04 08:03:33, EXEC, v:1, k:ed@lista_d2, mode:FULL, rate:20, size:144
2026-05-04 08:03:32, MOVE, v:1, k:ed@lista_d2, mode:EDIT
2026-05-04 08:08:28, EXEC, v:1, k:ed@lista_d2, mode:FULL, size:151, fail:COMP
2026-05-04 08:08:35, EXEC, v:1, k:ed@lista_d2, mode:FULL, size:156, fail:COMP
2026-05-04 08:08:35, EXEC, v:1, k:ed@lista_d2, mode:FULL, size:156, fail:COMP
2026-05-04 08:09:07, EXEC, v:1, k:ed@lista_d2, mode:FULL, size:156, fail:COMP
2026-05-04 08:09:40, EXEC, v:1, k:ed@lista_d2, mode:FULL, size:156, fail:COMP
2026-05-04 08:09:41, EXEC, v:1, k:ed@lista_d2, mode:FULL, fail:COMP
2026-05-04 08:10:19, EXEC, v:1, k:ed@lista_d2, mode:FULL, size:157, fail:COMP
2026-05-04 08:10:20, EXEC, v:1, k:ed@lista_d2, mode:FULL, fail:COMP
2026-05-04 08:10:20, EXEC, v:1, k:ed@lista_d2, mode:FULL, fail:COMP
2026-05-04 08:10:20, EXEC, v:1, k:ed@lista_d2, mode:FULL, fail:COMP
2026-05-04 08:10:20, EXEC, v:1, k:ed@lista_d2, mode:FULL, fail:COMP
2026-05-04 08:10:18, MOVE, v:1, k:ed@lista_d2, mode:EDIT
2026-05-04 08:11:43, EXEC, v:1, k:ed@lista_d2, mode:FULL, rate:20, size:170
2026-05-04 08:11:50, EXEC, v:1, k:ed@lista_d2, mode:FULL, rate:20
2026-05-04 08:13:30, EXEC, v:1, k:ed@lista_d2, mode:FULL, rate:20, size:173
2026-05-04 08:14:20, EXEC, v:1, k:ed@lista_d2, mode:FULL, rate:40, size:178
2026-05-04 08:14:19, MOVE, v:1, k:ed@lista_d2, mode:EDIT
2026-05-04 08:15:37, EXEC, v:1, k:ed@lista_d2, mode:FULL, rate:40
2026-05-04 08:23:38, EXEC, v:1, k:ed@lista_d2, mode:FULL, rate:40
2026-05-04 08:24:25, EXEC, v:1, k:ed@lista_d2, mode:FULL, rate:60, size:186
2026-05-04 08:25:46, EXEC, v:1, k:ed@lista_d2, mode:FULL, rate:80, size:186
2026-05-04 08:26:23, EXEC, v:1, k:ed@lista_d2, mode:FULL, rate:80
2026-05-04 08:27:13, EXEC, v:1, k:ed@lista_d2, mode:FREE
2026-05-04 08:25:45, MOVE, v:1, k:ed@lista_d2, mode:EDIT
2026-05-04 08:27:56, MOVE, v:1, k:ed@lista_d2, mode:PICK
2026-05-04 08:27:57, EXEC, v:1, k:ed@lista_d2, mode:FULL, rate:100, size:203
2026-05-04 08:28:00, EXEC, v:1, k:ed@lista_d2, mode:FULL, rate:100
2026-05-04 08:28:28, SELF, v:1, k:ed@lista_d2, self:1, rate:100, study:35, problem:1
2026-05-04 08:28:29, EXEC, v:1, k:ed@lista_d2, mode:FULL, rate:100
2026-05-04 08:28:34, EXEC, v:1, k:ed@lista_d2, mode:FULL, rate:100
2026-05-04 08:28:34, EXEC, v:1, k:ed@lista_d2, mode:FULL, rate:100
2026-05-04 08:28:35, EXEC, v:1, k:ed@lista_d2, mode:FULL, rate:100
2026-05-04 08:28:42, MOVE, v:1, k:ed@lista_d2, mode:BACK
